#
# There is insufficient memory for the Java Runtime Environment to continue.
# Native memory allocation (mmap) failed to map 260046848 bytes for G1 virtual space
# Possible reasons:
#   The system is out of physical RAM or swap space
#   The process is running with CompressedOops enabled, and the Java Heap may be blocking the growth of the native heap
# Possible solutions:
#   Reduce memory load on the system
#   Increase physical memory or swap space
#   Check if swap backing store is full
#   Decrease Java heap size (-Xmx/-Xms)
#   Decrease number of Java threads
#   Decrease Java thread stack sizes (-Xss)
#   Set larger code cache with -XX:ReservedCodeCacheSize=
#   JVM is running with Unscaled Compressed Oops mode in which the Java heap is
#     placed in the first 4GB address space. The Java Heap base address is the
#     maximum limit for the native heap growth. Please use -XX:HeapBaseMinAddress
#     to set the Java Heap base and to place the Java Heap above 4GB virtual address.
# This output file may be truncated or incomplete.
#
#  Out of Memory Error (os_windows.cpp:3604), pid=10456, tid=5136
#
# JRE version:  (21.0.10+8) (build )
# Java VM: Java HotSpot(TM) 64-Bit Server VM (21.0.10+8-LTS-217, mixed mode, sharing, tiered, compressed oops, compressed class ptrs, g1 gc, windows-amd64)
# No core dump will be written. Minidumps are not enabled by default on client versions of Windows
#

---------------  S U M M A R Y ------------

Command Line: -Xmx512m -Dclassworlds.conf=D:\code\develop\apache-maven-3.9.4\bin\m2.conf -Dmaven.home=D:\code\develop\apache-maven-3.9.4 -Dlibrary.jansi.path=D:\code\develop\apache-maven-3.9.4\lib\jansi-native -Dmaven.multiModuleProjectDirectory=D:\code\software2\team-rag org.codehaus.plexus.classworlds.launcher.Launcher -q compile

Host: AMD Ryzen 7 4800H with Radeon Graphics         , 16 cores, 15G,  Windows 11 , 64 bit Build 26100 (10.0.26100.7920)
Time: Sat Apr  4 12:10:57 2026 elapsed time: 0.017167 seconds (0d 0h 0m 0s)

---------------  T H R E A D  ---------------

Current thread (0x000002097ec841e0):  JavaThread "Unknown thread" [_thread_in_vm, id=5136, stack(0x000000dbbfb00000,0x000000dbbfc00000) (1024K)]

Stack: [0x000000dbbfb00000,0x000000dbbfc00000]
Native frames: (J=compiled Java code, j=interpreted, Vv=VM code, C=native code)
V  [jvm.dll+0x6d0b59]
V  [jvm.dll+0x85fd56]
V  [jvm.dll+0x86224e]
V  [jvm.dll+0x862923]
V  [jvm.dll+0x282a16]
V  [jvm.dll+0x6cd405]
V  [jvm.dll+0x6c1f8a]
V  [jvm.dll+0x35bcc8]
V  [jvm.dll+0x363986]
V  [jvm.dll+0x3b4a3e]
V  [jvm.dll+0x3b4ce8]
V  [jvm.dll+0x32f98c]
V  [jvm.dll+0x3304db]
V  [jvm.dll+0x829d3e]
V  [jvm.dll+0x3c19d1]
V  [jvm.dll+0x812c0a]
V  [jvm.dll+0x4543d1]
V  [jvm.dll+0x455e21]
C  [jli.dll+0x5310]
C  [ucrtbase.dll+0x37b0]
C  [KERNEL32.DLL+0x2e8d7]
C  [ntdll.dll+0x8c48c]


---------------  P R O C E S S  ---------------

Threads class SMR info:
_java_thread_list=0x00007ff8d9208c88, length=0, elements={
}

Java Threads: ( => current thread )
Total: 0

Other Threads:
  0x000002097f2053f0 WorkerThread "GC Thread#0"                     [id=5144, stack(0x000000dbbfc00000,0x000000dbbfd00000) (1024K)]
  0x000002097f20a3e0 ConcurrentGCThread "G1 Main Marker"            [id=24276, stack(0x000000dbbfd00000,0x000000dbbfe00000) (1024K)]
  0x000002097f20bd70 WorkerThread "G1 Conc#0"                       [id=8536, stack(0x000000dbbfe00000,0x000000dbbff00000) (1024K)]

[error occurred during error reporting (printing all threads), id 0xc0000005, EXCEPTION_ACCESS_VIOLATION (0xc0000005) at pc=0x00007ff8d8972447]
VM state: not at safepoint (not fully initialized)

VM Mutex/Monitor currently owned by a thread:  ([mutex/lock_event])
[0x00007ff8d927a010] Heap_lock - owner thread: 0x000002097ec841e0

Heap address: 0x00000000e0000000, size: 512 MB, Compressed Oops mode: 32-bit

CDS archive(s) mapped at: [0x0000000000000000-0x0000000000000000-0x0000000000000000), size 0, SharedBaseAddress: 0x0000000800000000, ArchiveRelocationMode: 1.
Narrow klass base: 0x0000000000000000, Narrow klass shift: 0, Narrow klass range: 0x0

GC Precious Log:
 CardTable entry size: 512
 Card Set container configuration: InlinePtr #cards 5 size 8 Array Of Cards #cards 12 size 40 Howl #buckets 4 coarsen threshold 1843 Howl Bitmap #cards 512 size 80 coarsen threshold 460 Card regions per heap region 1 cards per card region 2048

Heap:
 garbage-first heap   total 0K, used 0K [0x00000000e0000000, 0x0000000100000000)
  region size 1024K, 0 young (0K), 0 survivors (0K)

[error occurred during error reporting (printing heap information), id 0xc0000005, EXCEPTION_ACCESS_VIOLATION (0xc0000005) at pc=0x00007ff8d8d5ac39]
GC Heap History (0 events):
No events

Dll operation events (1 events):
Event: 0.012 Loaded shared library D:\code\develop\jdk21\bin\java.dll

Deoptimization events (0 events):
No events

Classes loaded (0 events):
No events

Classes unloaded (0 events):
No events

Classes redefined (0 events):
No events

Internal exceptions (0 events):
No events

ZGC Phase Switch (0 events):
No events

VM Operations (0 events):
No events

Events (0 events):
No events


Dynamic libraries:
0x00007ff7f4650000 - 0x00007ff7f4660000 	D:\code\develop\jdk21\bin\java.exe
0x00007ff96a000000 - 0x00007ff96a267000 	C:\WINDOWS\SYSTEM32\ntdll.dll
0x00007ff969e40000 - 0x00007ff969f09000 	C:\WINDOWS\System32\KERNEL32.DLL
0x00007ff967570000 - 0x00007ff967961000 	C:\WINDOWS\System32\KERNELBASE.dll
0x00007ff967a30000 - 0x00007ff967b7b000 	C:\WINDOWS\System32\ucrtbase.dll
0x00007ff941770000 - 0x00007ff941789000 	D:\code\develop\jdk21\bin\jli.dll
0x00007ff941c50000 - 0x00007ff941c6e000 	D:\code\develop\jdk21\bin\VCRUNTIME140.dll
0x00007ff968210000 - 0x00007ff9682cb000 	C:\WINDOWS\System32\ADVAPI32.dll
0x00007ff968b10000 - 0x00007ff968bb9000 	C:\WINDOWS\System32\msvcrt.dll
0x00007ff969f10000 - 0x00007ff969fb7000 	C:\WINDOWS\System32\sechost.dll
0x00007ff969d20000 - 0x00007ff969e38000 	C:\WINDOWS\System32\RPCRT4.dll
0x00007ff969b20000 - 0x00007ff969ce5000 	C:\WINDOWS\System32\USER32.dll
0x00007ff967a00000 - 0x00007ff967a27000 	C:\WINDOWS\System32\win32u.dll
0x00007ff969160000 - 0x00007ff96918b000 	C:\WINDOWS\System32\GDI32.dll
0x00007ff9659e0000 - 0x00007ff965c73000 	C:\WINDOWS\WinSxS\amd64_microsoft.windows.common-controls_6595b64144ccf1df_6.0.26100.8037_none_3e092faae333b53b\COMCTL32.dll
0x00007ff9672d0000 - 0x00007ff9673fb000 	C:\WINDOWS\System32\gdi32full.dll
0x00007ff967b80000 - 0x00007ff967c23000 	C:\WINDOWS\System32\msvcp_win.dll
0x00007ff95db60000 - 0x00007ff95db6b000 	C:\WINDOWS\SYSTEM32\VERSION.dll
0x00007ff968c90000 - 0x00007ff968cc1000 	C:\WINDOWS\System32\IMM32.DLL
0x00007ff955c30000 - 0x00007ff955c3c000 	D:\code\develop\jdk21\bin\vcruntime140_1.dll
0x00007ff908070000 - 0x00007ff9080fd000 	D:\code\develop\jdk21\bin\msvcp140.dll
0x00007ff8d8630000 - 0x00007ff8d9357000 	D:\code\develop\jdk21\bin\server\jvm.dll
0x00007ff969a00000 - 0x00007ff969a74000 	C:\WINDOWS\System32\WS2_32.dll
0x00007ff966740000 - 0x00007ff96679e000 	C:\WINDOWS\SYSTEM32\POWRPROF.dll
0x00007ff95db20000 - 0x00007ff95db55000 	C:\WINDOWS\SYSTEM32\WINMM.dll
0x00007ff966720000 - 0x00007ff966734000 	C:\WINDOWS\SYSTEM32\UMPDC.dll
0x00007ff964d40000 - 0x00007ff964d5b000 	C:\WINDOWS\SYSTEM32\kernel.appcore.dll
0x00007ff9514b0000 - 0x00007ff9514ba000 	D:\code\develop\jdk21\bin\jimage.dll
0x00007ff9660b0000 - 0x00007ff9662f2000 	C:\WINDOWS\SYSTEM32\DBGHELP.DLL
0x00007ff969270000 - 0x00007ff9695f2000 	C:\WINDOWS\System32\combase.dll
0x00007ff969190000 - 0x00007ff969267000 	C:\WINDOWS\System32\OLEAUT32.dll
0x00007ff965f80000 - 0x00007ff965fbb000 	C:\WINDOWS\SYSTEM32\dbgcore.DLL
0x00007ff967400000 - 0x00007ff9674a5000 	C:\WINDOWS\System32\bcryptPrimitives.dll
0x00007ff939450000 - 0x00007ff939471000 	D:\code\develop\jdk21\bin\java.dll

dbghelp: loaded successfully - version: 4.0.5 - missing functions: none
symbol engine: initialized successfully - sym options: 0x614 - pdb path: .;D:\code\develop\jdk21\bin;C:\WINDOWS\SYSTEM32;C:\WINDOWS\WinSxS\amd64_microsoft.windows.common-controls_6595b64144ccf1df_6.0.26100.8037_none_3e092faae333b53b;D:\code\develop\jdk21\bin\server

VM Arguments:
jvm_args: -Xmx512m -Dclassworlds.conf=D:\code\develop\apache-maven-3.9.4\bin\m2.conf -Dmaven.home=D:\code\develop\apache-maven-3.9.4 -Dlibrary.jansi.path=D:\code\develop\apache-maven-3.9.4\lib\jansi-native -Dmaven.multiModuleProjectDirectory=D:\code\software2\team-rag 
java_command: org.codehaus.plexus.classworlds.launcher.Launcher -q compile
java_class_path (initial): D:\code\develop\apache-maven-3.9.4\boot\plexus-classworlds-2.7.0.jar
Launcher Type: SUN_STANDARD

[Global flags]
     intx CICompilerCount                          = 12                                        {product} {ergonomic}
     uint ConcGCThreads                            = 3                                         {product} {ergonomic}
     uint G1ConcRefinementThreads                  = 13                                        {product} {ergonomic}
   size_t G1HeapRegionSize                         = 1048576                                   {product} {ergonomic}
    uintx GCDrainStackTargetSize                   = 64                                        {product} {ergonomic}
   size_t InitialHeapSize                          = 260046848                                 {product} {ergonomic}
   size_t MarkStackSize                            = 4194304                                   {product} {ergonomic}
   size_t MaxHeapSize                              = 536870912                                 {product} {command line}
   size_t MinHeapDeltaBytes                        = 1048576                                   {product} {ergonomic}
   size_t MinHeapSize                              = 8388608                                   {product} {ergonomic}
    uintx NonNMethodCodeHeapSize                   = 7602480                                {pd product} {ergonomic}
    uintx NonProfiledCodeHeapSize                  = 122027880                              {pd product} {ergonomic}
    uintx ProfiledCodeHeapSize                     = 122027880                              {pd product} {ergonomic}
    uintx ReservedCodeCacheSize                    = 251658240                              {pd product} {ergonomic}
     bool SegmentedCodeCache                       = true                                      {product} {ergonomic}
   size_t SoftMaxHeapSize                          = 536870912                              {manageable} {ergonomic}
     bool UseCompressedOops                        = true                           {product lp64_product} {ergonomic}
     bool UseG1GC                                  = true                                      {product} {ergonomic}
     bool UseLargePagesIndividualAllocation        = false                                  {pd product} {ergonomic}

Logging:
Log output configuration:
 #0: stdout all=warning uptime,level,tags foldmultilines=false
 #1: stderr all=off uptime,level,tags foldmultilines=false

Environment Variables:
JAVA_HOME=D:\code\develop\jdk21
PATH=C:\Program Files\Common Files\Oracle\Java\javapath;C:\WINDOWS\system32;C:\WINDOWS;C:\WINDOWS\System32\Wbem;C:\WINDOWS\System32\WindowsPowerShell\v1.0\;C:\WINDOWS\System32\OpenSSH\;C:\Program Files\MySQL\MySQL Server 8.0\bin;C:\Program Files\NVIDIA Corporation\NVIDIA app\NvDLISR;C:\Program Files (x86)\NVIDIA Corporation\PhysX\Common;C:\Program Files\Pandoc\;C:\Program Files\Bandizip\;C:\Program Files\Git\cmd;D:\code\develop\apache-maven-3.9.4\bin;D:\code\develop\jdk21\bin;D:\code\develop\mysql\mysql-install-directory\bin;C:\Users\29080\AppData\Local\Microsoft\WindowsApps;D:\code\IDE\idea\IntelliJ IDEA 2025.2.4\bin;D:\code\develop\DataGrip 2024.1.1\bin;;D:\code\develop\cursor\resources\app\bin
USERNAME=29080
TERM=dumb
OS=Windows_NT
PROCESSOR_IDENTIFIER=AMD64 Family 23 Model 96 Stepping 1, AuthenticAMD
TMP=C:\Users\29080\AppData\Local\Temp
TEMP=C:\Users\29080\AppData\Local\Temp




Periodic native trim disabled

---------------  S Y S T E M  ---------------

OS:
 Windows 11 , 64 bit Build 26100 (10.0.26100.7920)
OS uptime: 1 days 7:39 hours

CPU: total 16 (initial active 16) (16 cores per cpu, 2 threads per core) family 23 model 96 stepping 1 microcode 0x8600104, cx8, cmov, fxsr, ht, mmx, 3dnowpref, sse, sse2, sse3, ssse3, sse4a, sse4.1, sse4.2, popcnt, lzcnt, tsc, tscinvbit, avx, avx2, aes, clmul, bmi1, bmi2, adx, sha, fma, vzeroupper, clflush, clflushopt, rdtscp, rdpid, f16c
Processor Information for all 16 processors :
  Max Mhz: 2900, Current Mhz: 2900, Mhz Limit: 2900

Memory: 4k page, system-wide physical 15789M (2061M free)
TotalPageFile size 28131M (AvailPageFile size 87M)
current process WorkingSet (physical memory assigned to process): 12M, peak: 12M
current process commit charge ("private bytes"): 70M, peak: 318M

vm_info: Java HotSpot(TM) 64-Bit Server VM (21.0.10+8-LTS-217) for windows-amd64 JRE (21.0.10+8-LTS-217), built on 2025-12-18T14:59:28Z by "mach5run" with MS VC++ 17.13 (VS2022)

END.
