#
# There is insufficient memory for the Java Runtime Environment to continue.
# Native memory allocation (malloc) failed to allocate 424576 bytes. Error detail: Chunk::new
# Possible reasons:
#   The system is out of physical RAM or swap space
#   This process is running with CompressedOops enabled, and the Java Heap may be blocking the growth of the native heap
# Possible solutions:
#   Reduce memory load on the system
#   Increase physical memory or swap space
#   Check if swap backing store is full
#   Decrease Java heap size (-Xmx/-Xms)
#   Decrease number of Java threads
#   Decrease Java thread stack sizes (-Xss)
#   Set larger code cache with -XX:ReservedCodeCacheSize=
#   JVM is running with Unscaled Compressed Oops mode in which the Java heap is
#     placed in the first 4GB address space. The Java Heap base address is the
#     maximum limit for the native heap growth. Please use -XX:HeapBaseMinAddress
#     to set the Java Heap base and to place the Java Heap above 4GB virtual address.
# This output file may be truncated or incomplete.
#
#  Out of Memory Error (arena.cpp:168), pid=21776, tid=11928
#
# JRE version: OpenJDK Runtime Environment Temurin-21.0.10+7 (21.0.10+7) (build 21.0.10+7-LTS)
# Java VM: OpenJDK 64-Bit Server VM Temurin-21.0.10+7 (21.0.10+7-LTS, mixed mode, sharing, tiered, compressed oops, compressed class ptrs, parallel gc, windows-amd64)
# No core dump will be written. Minidumps are not enabled by default on client versions of Windows
#

---------------  S U M M A R Y ------------

Command Line: --add-modules=ALL-SYSTEM --add-opens=java.base/java.util=ALL-UNNAMED --add-opens=java.base/java.lang=ALL-UNNAMED --add-opens=java.base/sun.nio.fs=ALL-UNNAMED -Declipse.application=org.eclipse.jdt.ls.core.id1 -Dosgi.bundles.defaultStartLevel=4 -Declipse.product=org.eclipse.jdt.ls.core.product -Djava.import.generatesMetadataFilesAtProjectRoot=false -DDetectVMInstallationsJob.disabled=true -Dfile.encoding=utf8 -XX:+UseParallelGC -XX:GCTimeRatio=4 -XX:AdaptiveSizePolicyWeight=90 -Dsun.zip.disableMemoryMapping=true -Xmx2G -Xms100m -Xlog:disable -javaagent:c:\Users\29080\.cursor\extensions\redhat.java-1.53.0-win32-x64\lombok\lombok-1.18.39-4050.jar c:\Users\29080\.cursor\extensions\redhat.java-1.53.0-win32-x64\server\plugins\org.eclipse.equinox.launcher_1.7.100.v20251111-0406.jar -configuration c:\Users\29080\AppData\Roaming\Cursor\User\globalStorage\redhat.java\1.53.0\config_ss_win -data c:\Users\29080\AppData\Roaming\Cursor\User\workspaceStorage\72b98a27af6fee7d47d745e8f61a91ef\redhat.java\ss_ws --pipe=\\.\pipe\lsp-86060ed876bffabbb83cdec48a351a6c-sock

Host: AMD Ryzen 7 4800H with Radeon Graphics         , 16 cores, 15G,  Windows 11 , 64 bit Build 26100 (10.0.26100.7920)
Time: Sat Apr  4 12:14:16 2026 elapsed time: 16.454255 seconds (0d 0h 0m 16s)

---------------  T H R E A D  ---------------

Current thread (0x000001f16495bfb0):  JavaThread "C2 CompilerThread1" daemon [_thread_in_native, id=11928, stack(0x0000004c8e900000,0x0000004c8ea00000) (1024K)]


Current CompileTask:
C2:16454  570       4       lombok.launch.PackageShader::apply (252 bytes)

Stack: [0x0000004c8e900000,0x0000004c8ea00000]
Native frames: (J=compiled Java code, j=interpreted, Vv=VM code, C=native code)
V  [jvm.dll+0x6d7a39]
V  [jvm.dll+0x8b4b26]
V  [jvm.dll+0x8b70de]
V  [jvm.dll+0x8b77c3]
V  [jvm.dll+0x284346]
V  [jvm.dll+0xc66ed]
V  [jvm.dll+0xc6c31]
V  [jvm.dll+0x2fb29e]
V  [jvm.dll+0x5fe884]
V  [jvm.dll+0x255b17]
V  [jvm.dll+0x255edd]
V  [jvm.dll+0x24e500]
V  [jvm.dll+0x24ba42]
V  [jvm.dll+0x1cb34e]
V  [jvm.dll+0x25b85d]
V  [jvm.dll+0x259dea]
V  [jvm.dll+0x3f857e]
V  [jvm.dll+0x85f59d]
V  [jvm.dll+0x6d626d]
C  [ucrtbase.dll+0x37b0]
C  [KERNEL32.DLL+0x2e8d7]
C  [ntdll.dll+0x8c48c]


---------------  P R O C E S S  ---------------

Threads class SMR info:
_java_thread_list=0x000001f1223b1490, length=12, elements={
0x000001f10b923990, 0x000001f1223a9a10, 0x000001f10b9cd750, 0x000001f1223b5540,
0x000001f1223b6fb0, 0x000001f1223ba4e0, 0x000001f1223bc6f0, 0x000001f1648198a0,
0x000001f16481b690, 0x000001f16495bfb0, 0x000001f164a37fa0, 0x000001f166110c60
}

Java Threads: ( => current thread )
  0x000001f10b923990 JavaThread "main"                              [_thread_in_vm, id=21880, stack(0x0000004c8dc00000,0x0000004c8dd00000) (1024K)]
  0x000001f1223a9a10 JavaThread "Reference Handler"          daemon [_thread_blocked, id=23868, stack(0x0000004c8e000000,0x0000004c8e100000) (1024K)]
  0x000001f10b9cd750 JavaThread "Finalizer"                  daemon [_thread_blocked, id=10504, stack(0x0000004c8e100000,0x0000004c8e200000) (1024K)]
  0x000001f1223b5540 JavaThread "Signal Dispatcher"          daemon [_thread_blocked, id=18044, stack(0x0000004c8e200000,0x0000004c8e300000) (1024K)]
  0x000001f1223b6fb0 JavaThread "Attach Listener"            daemon [_thread_blocked, id=3296, stack(0x0000004c8e300000,0x0000004c8e400000) (1024K)]
  0x000001f1223ba4e0 JavaThread "Service Thread"             daemon [_thread_blocked, id=21940, stack(0x0000004c8e400000,0x0000004c8e500000) (1024K)]
  0x000001f1223bc6f0 JavaThread "Monitor Deflation Thread"   daemon [_thread_blocked, id=25484, stack(0x0000004c8e500000,0x0000004c8e600000) (1024K)]
  0x000001f1648198a0 JavaThread "C2 CompilerThread0"         daemon [_thread_blocked, id=20872, stack(0x0000004c8e600000,0x0000004c8e700000) (1024K)]
  0x000001f16481b690 JavaThread "C1 CompilerThread0"         daemon [_thread_blocked, id=10676, stack(0x0000004c8e700000,0x0000004c8e800000) (1024K)]
=>0x000001f16495bfb0 JavaThread "C2 CompilerThread1"         daemon [_thread_in_native, id=11928, stack(0x0000004c8e900000,0x0000004c8ea00000) (1024K)]
  0x000001f164a37fa0 JavaThread "Common-Cleaner"             daemon [_thread_blocked, id=8268, stack(0x0000004c8ea00000,0x0000004c8eb00000) (1024K)]
  0x000001f166110c60 JavaThread "Notification Thread"        daemon [_thread_blocked, id=10696, stack(0x0000004c8ed00000,0x0000004c8ee00000) (1024K)]
Total: 12

Other Threads:
  0x000001f1223a1c90 VMThread "VM Thread"                           [id=22724, stack(0x0000004c8df00000,0x0000004c8e000000) (1024K)]
  0x000001f12229ca00 WatcherThread "VM Periodic Task Thread"        [id=21212, stack(0x0000004c8de00000,0x0000004c8df00000) (1024K)]
  0x000001f10b941aa0 WorkerThread "GC Thread#0"                     [id=19100, stack(0x0000004c8dd00000,0x0000004c8de00000) (1024K)]
Total: 3

Threads with active compile tasks:
C2 CompilerThread1  16474  570       4       lombok.launch.PackageShader::apply (252 bytes)
Total: 1

VM state: not at safepoint (normal execution)

VM Mutex/Monitor currently owned by a thread:  ([mutex/lock_event])
[0x00007ff8d4c8c4e0] Metaspace_lock - owner thread: 0x000001f10b923990

Heap address: 0x0000000080000000, size: 2048 MB, Compressed Oops mode: 32-bit

CDS archive(s) mapped at: [0x000001f123000000-0x000001f123ba0000-0x000001f123ba0000), size 12189696, SharedBaseAddress: 0x000001f123000000, ArchiveRelocationMode: 1.
Compressed class space mapped at: 0x000001f124000000-0x000001f164000000, reserved size: 1073741824
Narrow klass base: 0x000001f123000000, Narrow klass shift: 0, Narrow klass range: 0x100000000

GC Precious Log:
 CardTable entry size: 512
 CPUs: 16 total, 16 available
 Memory: 15789M
 Large Page Support: Disabled
 NUMA Support: Disabled
 Compressed Oops: Enabled (32-bit)
 Alignments: Space 512K, Generation 512K, Heap 2M
 Heap Min Capacity: 100M
 Heap Initial Capacity: 100M
 Heap Max Capacity: 2G
 Pre-touch: Disabled
 Parallel Workers: 13

Heap:
 PSYoungGen      total 29696K, used 11779K [0x00000000d5580000, 0x00000000d7680000, 0x0000000100000000)
  eden space 25600K, 46% used [0x00000000d5580000,0x00000000d6100f50,0x00000000d6e80000)
  from space 4096K, 0% used [0x00000000d7280000,0x00000000d7280000,0x00000000d7680000)
  to   space 4096K, 0% used [0x00000000d6e80000,0x00000000d6e80000,0x00000000d7280000)
 ParOldGen       total 68608K, used 0K [0x0000000080000000, 0x0000000084300000, 0x00000000d5580000)
  object space 68608K, 0% used [0x0000000080000000,0x0000000080000000,0x0000000084300000)
 Metaspace       used 1323K, committed 1536K, reserved 1114112K
  class space    used 125K, committed 256K, reserved 1048576K

Card table byte_map: [0x000001f10b2d0000,0x000001f10b6e0000] _byte_map_base: 0x000001f10aed0000

Marking Bits: (ParMarkBitMap*) 0x00007ff8d4c93450
 Begin Bits: [0x000001f11ddc0000, 0x000001f11fdc0000)
 End Bits:   [0x000001f11fdc0000, 0x000001f121dc0000)

Polling page: 0x000001f109c30000

Metaspace:

Usage:
  Non-class:      1.17 MB used.
      Class:    125.40 KB used.
       Both:      1.29 MB used.

Virtual space:
  Non-class space:       64.00 MB reserved,       1.25 MB (  2%) committed,  1 nodes.
      Class space:        1.00 GB reserved,     256.00 KB ( <1%) committed,  1 nodes.
             Both:        1.06 GB reserved,       1.50 MB ( <1%) committed. 

Chunk freelists:
   Non-Class:  11.66 MB
       Class:  15.67 MB
        Both:  27.33 MB

MaxMetaspaceSize: unlimited
CompressedClassSpaceSize: 1.00 GB
Initial GC threshold: 21.00 MB
Current GC threshold: 21.00 MB
CDS: on
 - commit_granule_bytes: 65536.
 - commit_granule_words: 8192.
 - virtual_space_node_default_size: 8388608.
 - enlarge_chunks_in_place: 1.
 - use_allocation_guard: 0.


Internal statistics:

num_allocs_failed_limit: 0.
num_arena_births: 74.
num_arena_deaths: 0.
num_vsnodes_births: 2.
num_vsnodes_deaths: 0.
num_space_committed: 24.
num_space_uncommitted: 0.
num_chunks_returned_to_freelist: 0.
num_chunks_taken_from_freelist: 96.
num_chunk_merges: 0.
num_chunk_splits: 67.
num_chunks_enlarged: 43.
num_inconsistent_stats: 0.

CodeHeap 'non-profiled nmethods': size=119168Kb used=190Kb max_used=190Kb free=118977Kb
 bounds [0x000001f1166b0000, 0x000001f116920000, 0x000001f11db10000]
CodeHeap 'profiled nmethods': size=119104Kb used=854Kb max_used=854Kb free=118249Kb
 bounds [0x000001f10eb10000, 0x000001f10ed80000, 0x000001f115f60000]
CodeHeap 'non-nmethods': size=7488Kb used=1154Kb max_used=2857Kb free=6333Kb
 bounds [0x000001f115f60000, 0x000001f116230000, 0x000001f1166b0000]
CodeCache: size=245760Kb, used=2198Kb, max_used=3901Kb, free=243559Kb
 total_blobs=998, nmethods=595, adapters=310, full_count=0
Compilation: enabled, stopped_count=0, restarted_count=0

Compilation events (20 events):
Event: 4.337 Thread 0x000001f164917a80 nmethod 583 0x000001f10ebdd790 code [0x000001f10ebdd960, 0x000001f10ebddcc0]
Event: 4.337 Thread 0x000001f16481b690 nmethod 582 0x000001f10ebdde10 code [0x000001f10ebde060, 0x000001f10ebdea98]
Event: 4.340 Thread 0x000001f1648198a0 nmethod 581 0x000001f1166dce90 code [0x000001f1166dd060, 0x000001f1166dd6d0]
Event: 4.340 Thread 0x000001f1648198a0  585       4       java.lang.String::getBytes (44 bytes)
Event: 4.341 Thread 0x000001f16481b690  587       3       lombok.patcher.MethodTarget::typeMatches (14 bytes)
Event: 4.341 Thread 0x000001f164a6f8d0  588       1       lombok.patcher.ScriptManager::access$3 (5 bytes)
Event: 4.341 Thread 0x000001f164a6f8d0 nmethod 588 0x000001f1166dda90 code [0x000001f1166ddc20, 0x000001f1166ddcd0]
Event: 4.341 Thread 0x000001f16481b690 nmethod 587 0x000001f10ebded90 code [0x000001f10ebdef60, 0x000001f10ebdf0e8]
Event: 4.342 Thread 0x000001f1648198a0 nmethod 585 0x000001f1166ddd90 code [0x000001f1166ddf20, 0x000001f1166de088]
Event: 4.342 Thread 0x000001f1648198a0  589       4       java.util.HashMap::putVal (300 bytes)
Event: 4.343 Thread 0x000001f164917a80  590       3       java.util.Collections$UnmodifiableCollection::iterator (9 bytes)
Event: 4.343 Thread 0x000001f16481b690  591       3       java.util.Collections$UnmodifiableCollection$1::<init> (26 bytes)
Event: 4.343 Thread 0x000001f16481b690 nmethod 591 0x000001f10ebdf210 code [0x000001f10ebdf3c0, 0x000001f10ebdf640]
Event: 4.343 Thread 0x000001f164917a80 nmethod 590 0x000001f10ebdf790 code [0x000001f10ebdf960, 0x000001f10ebdfc90]
Event: 5.358 Thread 0x000001f16481b690  593       3       lombok.patcher.scripts.MethodLevelPatchScript::patch (21 bytes)
Event: 5.358 Thread 0x000001f164917a80  594       3       lombok.patcher.PatchScript::classMatches (41 bytes)
Event: 5.358 Thread 0x000001f16481b690 nmethod 593 0x000001f10ebdfe10 code [0x000001f10ebdffe0, 0x000001f10ebe0268]
Event: 5.358 Thread 0x000001f164917a80 nmethod 594 0x000001f10ebe0390 code [0x000001f10ebe05c0, 0x000001f10ebe0c28]
Event: 5.359 Thread 0x000001f164917a80  595       3       jdk.internal.org.objectweb.asm.ByteVector::<init> (13 bytes)
Event: 5.359 Thread 0x000001f164917a80 nmethod 595 0x000001f10ebe0e90 code [0x000001f10ebe1040, 0x000001f10ebe1260]

GC Heap History (0 events):
No events

Dll operation events (8 events):
Event: 0.016 Loaded shared library c:\Users\29080\.cursor\extensions\redhat.java-1.53.0-win32-x64\jre\21.0.10-win32-x86_64\bin\java.dll
Event: 0.048 Loaded shared library c:\Users\29080\.cursor\extensions\redhat.java-1.53.0-win32-x64\jre\21.0.10-win32-x86_64\bin\zip.dll
Event: 0.089 Loaded shared library C:\Users\29080\.cursor\extensions\redhat.java-1.53.0-win32-x64\jre\21.0.10-win32-x86_64\bin\instrument.dll
Event: 0.095 Loaded shared library C:\Users\29080\.cursor\extensions\redhat.java-1.53.0-win32-x64\jre\21.0.10-win32-x86_64\bin\net.dll
Event: 0.098 Loaded shared library C:\Users\29080\.cursor\extensions\redhat.java-1.53.0-win32-x64\jre\21.0.10-win32-x86_64\bin\nio.dll
Event: 0.102 Loaded shared library C:\Users\29080\.cursor\extensions\redhat.java-1.53.0-win32-x64\jre\21.0.10-win32-x86_64\bin\zip.dll
Event: 0.118 Loaded shared library C:\Users\29080\.cursor\extensions\redhat.java-1.53.0-win32-x64\jre\21.0.10-win32-x86_64\bin\jimage.dll
Event: 1.211 Loaded shared library c:\Users\29080\.cursor\extensions\redhat.java-1.53.0-win32-x64\jre\21.0.10-win32-x86_64\bin\verify.dll

Deoptimization events (20 events):
Event: 0.124 Thread 0x000001f10b923990 DEOPT PACKING pc=0x000001f10eb4da49 sp=0x0000004c8dcfe500
Event: 0.124 Thread 0x000001f10b923990 DEOPT UNPACKING pc=0x000001f115fb4242 sp=0x0000004c8dcfd988 mode 0
Event: 0.125 Thread 0x000001f10b923990 DEOPT PACKING pc=0x000001f10eb4da49 sp=0x0000004c8dcfe500
Event: 0.125 Thread 0x000001f10b923990 DEOPT UNPACKING pc=0x000001f115fb4242 sp=0x0000004c8dcfd988 mode 0
Event: 0.125 Thread 0x000001f10b923990 DEOPT PACKING pc=0x000001f10eb4da49 sp=0x0000004c8dcfe500
Event: 0.125 Thread 0x000001f10b923990 DEOPT UNPACKING pc=0x000001f115fb4242 sp=0x0000004c8dcfd988 mode 0
Event: 0.125 Thread 0x000001f10b923990 DEOPT PACKING pc=0x000001f10eb4da49 sp=0x0000004c8dcfe500
Event: 0.125 Thread 0x000001f10b923990 DEOPT UNPACKING pc=0x000001f115fb4242 sp=0x0000004c8dcfd988 mode 0
Event: 1.292 Thread 0x000001f10b923990 DEOPT PACKING pc=0x000001f10eb5fe98 sp=0x0000004c8dcfc1d0
Event: 1.292 Thread 0x000001f10b923990 DEOPT UNPACKING pc=0x000001f115fb4242 sp=0x0000004c8dcfb690 mode 0
Event: 4.333 Thread 0x000001f10b923990 DEOPT PACKING pc=0x000001f10ebb978d sp=0x0000004c8dcfa0e0
Event: 4.333 Thread 0x000001f10b923990 DEOPT UNPACKING pc=0x000001f115fb4242 sp=0x0000004c8dcf9590 mode 0
Event: 4.341 Thread 0x000001f10b923990 Uncommon trap: trap_request=0xffffffde fr.pc=0x000001f1166c0784 relative=0x0000000000000764
Event: 4.341 Thread 0x000001f10b923990 Uncommon trap: reason=class_check action=maybe_recompile pc=0x000001f1166c0784 method=java.util.HashMap.putVal(ILjava/lang/Object;Ljava/lang/Object;ZZ)Ljava/lang/Object; @ 152 c2
Event: 4.341 Thread 0x000001f10b923990 DEOPT PACKING pc=0x000001f1166c0784 sp=0x0000004c8dcfeec0
Event: 4.341 Thread 0x000001f10b923990 DEOPT UNPACKING pc=0x000001f115fb3aa2 sp=0x0000004c8dcfee20 mode 2
Event: 4.341 Thread 0x000001f10b923990 Uncommon trap: trap_request=0xffffffde fr.pc=0x000001f1166c0784 relative=0x0000000000000764
Event: 4.341 Thread 0x000001f10b923990 Uncommon trap: reason=class_check action=maybe_recompile pc=0x000001f1166c0784 method=java.util.HashMap.putVal(ILjava/lang/Object;Ljava/lang/Object;ZZ)Ljava/lang/Object; @ 152 c2
Event: 4.341 Thread 0x000001f10b923990 DEOPT PACKING pc=0x000001f1166c0784 sp=0x0000004c8dcfeec0
Event: 4.341 Thread 0x000001f10b923990 DEOPT UNPACKING pc=0x000001f115fb3aa2 sp=0x0000004c8dcfee20 mode 2

Classes loaded (20 events):
Event: 12.409 Loading class javax/security/auth/login/Configuration$Parameters
Event: 12.409 Loading class javax/security/auth/login/Configuration$Parameters done
Event: 12.409 Loading class jdk/internal/math/FloatingDecimal
Event: 12.410 Loading class jdk/internal/math/FloatingDecimal done
Event: 12.410 Loading class jdk/internal/math/FloatingDecimal$ExceptionalBinaryToASCIIBuffer
Event: 12.410 Loading class jdk/internal/math/FloatingDecimal$BinaryToASCIIConverter
Event: 12.410 Loading class jdk/internal/math/FloatingDecimal$BinaryToASCIIConverter done
Event: 12.410 Loading class jdk/internal/math/FloatingDecimal$ExceptionalBinaryToASCIIBuffer done
Event: 12.410 Loading class jdk/internal/math/FloatingDecimal$BinaryToASCIIBuffer
Event: 12.410 Loading class jdk/internal/math/FloatingDecimal$BinaryToASCIIBuffer done
Event: 12.410 Loading class jdk/internal/math/FloatingDecimal$1
Event: 12.410 Loading class jdk/internal/math/FloatingDecimal$1 done
Event: 12.410 Loading class jdk/internal/math/FloatingDecimal$PreparedASCIIToBinaryBuffer
Event: 12.410 Loading class jdk/internal/math/FloatingDecimal$ASCIIToBinaryConverter
Event: 12.410 Loading class jdk/internal/math/FloatingDecimal$ASCIIToBinaryConverter done
Event: 12.410 Loading class jdk/internal/math/FloatingDecimal$PreparedASCIIToBinaryBuffer done
Event: 12.410 Loading class jdk/internal/math/FloatingDecimal$ASCIIToBinaryBuffer
Event: 12.410 Loading class jdk/internal/math/FloatingDecimal$ASCIIToBinaryBuffer done
Event: 12.410 Loading class sun/security/jca/ProviderList$2
Event: 12.410 Loading class sun/security/jca/ProviderList$2 done

Classes unloaded (0 events):
No events

Classes redefined (0 events):
No events

Internal exceptions (11 events):
Event: 0.071 Thread 0x000001f10b923990 Exception <a 'java/lang/NoSuchMethodError'{0x00000000d579ef90}: 'void java.lang.invoke.DirectMethodHandle$Holder.invokeStatic(java.lang.Object, java.lang.Object, java.lang.Object)'> (0x00000000d579ef90) 
thrown [s\src\hotspot\share\interpreter\linkResolver.cpp, line 773]
Event: 0.112 Thread 0x000001f10b923990 Exception <a 'java/lang/NoSuchMethodError'{0x00000000d5987698}: 'java.lang.Object java.lang.invoke.Invokers$Holder.invokeExact_MT(java.lang.Object, java.lang.Object, java.lang.Object, java.lang.Object, java.lang.Object)'> (0x00000000d5987698) 
thrown [s\src\hotspot\share\interpreter\linkResolver.cpp, line 773]
Event: 1.174 Thread 0x000001f10b923990 Exception <a 'java/lang/NoSuchMethodError'{0x00000000d5abf9a8}: 'int java.lang.invoke.DirectMethodHandle$Holder.invokeSpecial(java.lang.Object, java.lang.Object, java.lang.Object, int)'> (0x00000000d5abf9a8) 
thrown [s\src\hotspot\share\interpreter\linkResolver.cpp, line 773]
Event: 1.175 Thread 0x000001f10b923990 Exception <a 'java/lang/NoSuchMethodError'{0x00000000d5ad2390}: 'java.lang.Object java.lang.invoke.DirectMethodHandle$Holder.invokeStatic(java.lang.Object, java.lang.Object, java.lang.Object, java.lang.Object, int)'> (0x00000000d5ad2390) 
thrown [s\src\hotspot\share\interpreter\linkResolver.cpp, line 773]
Event: 1.176 Thread 0x000001f10b923990 Exception <a 'java/lang/NoSuchMethodError'{0x00000000d5add7d0}: 'void java.lang.invoke.DelegatingMethodHandle$Holder.reinvoke_L(java.lang.Object, java.lang.Object, java.lang.Object, int, java.lang.Object)'> (0x00000000d5add7d0) 
thrown [s\src\hotspot\share\interpreter\linkResolver.cpp, line 773]
Event: 1.176 Thread 0x000001f10b923990 Exception <a 'java/lang/NoSuchMethodError'{0x00000000d5ae1208}: 'int java.lang.invoke.DirectMethodHandle$Holder.invokeSpecial(java.lang.Object, java.lang.Object, java.lang.Object)'> (0x00000000d5ae1208) 
thrown [s\src\hotspot\share\interpreter\linkResolver.cpp, line 773]
Event: 1.179 Thread 0x000001f10b923990 Exception <a 'java/lang/NoSuchMethodError'{0x00000000d5af9ef8}: 'java.lang.Object java.lang.invoke.DirectMethodHandle$Holder.invokeStatic(java.lang.Object, java.lang.Object, int)'> (0x00000000d5af9ef8) 
thrown [s\src\hotspot\share\interpreter\linkResolver.cpp, line 773]
Event: 1.179 Thread 0x000001f10b923990 Exception <a 'java/lang/NoSuchMethodError'{0x00000000d5afe848}: 'void java.lang.invoke.DirectMethodHandle$Holder.invokeStatic(java.lang.Object, java.lang.Object, int, java.lang.Object)'> (0x00000000d5afe848) 
thrown [s\src\hotspot\share\interpreter\linkResolver.cpp, line 773]
Event: 1.180 Thread 0x000001f10b923990 Exception <a 'java/lang/NoSuchMethodError'{0x00000000d5b02638}: 'void java.lang.invoke.DirectMethodHandle$Holder.invokeSpecial(java.lang.Object, java.lang.Object, java.lang.Object, int, java.lang.Object)'> (0x00000000d5b02638) 
thrown [s\src\hotspot\share\interpreter\linkResolver.cpp, line 773]
Event: 1.180 Thread 0x000001f10b923990 Exception <a 'java/lang/NoSuchMethodError'{0x00000000d5b05aa8}: 'void java.lang.invoke.DelegatingMethodHandle$Holder.delegate(java.lang.Object, java.lang.Object, int, java.lang.Object)'> (0x00000000d5b05aa8) 
thrown [s\src\hotspot\share\interpreter\linkResolver.cpp, line 773]
Event: 1.237 Thread 0x000001f10b923990 Exception <a 'java/lang/NoSuchMethodError'{0x00000000d5cc58c0}: 'void java.lang.invoke.DelegatingMethodHandle$Holder.reinvoke_L(java.lang.Object, java.lang.Object, java.lang.Object, int)'> (0x00000000d5cc58c0) 
thrown [s\src\hotspot\share\interpreter\linkResolver.cpp, line 773]

ZGC Phase Switch (0 events):
No events

VM Operations (12 events):
Event: 0.073 Executing non-safepoint VM operation: HandshakeAllThreads (Deoptimize)
Event: 0.073 Executing non-safepoint VM operation: HandshakeAllThreads (Deoptimize) done
Event: 1.088 Executing safepoint VM operation: Cleanup
Event: 1.149 Executing safepoint VM operation: Cleanup done
Event: 1.153 Executing non-safepoint VM operation: HandshakeAllThreads (Deoptimize)
Event: 1.153 Executing non-safepoint VM operation: HandshakeAllThreads (Deoptimize) done
Event: 2.165 Executing safepoint VM operation: Cleanup
Event: 2.320 Executing safepoint VM operation: Cleanup done
Event: 3.335 Executing safepoint VM operation: Cleanup
Event: 3.335 Executing safepoint VM operation: Cleanup done
Event: 4.340 Executing safepoint VM operation: Cleanup
Event: 4.341 Executing safepoint VM operation: Cleanup done

Memory protections (0 events):
No events

Nmethod flushes (0 events):
No events

Events (18 events):
Event: 0.034 Thread 0x000001f10b923990 Thread added: 0x000001f10b923990
Event: 0.049 Thread 0x000001f10b923990 Thread added: 0x000001f1223a9a10
Event: 0.050 Thread 0x000001f10b923990 Thread added: 0x000001f10b9cd750
Event: 0.050 Thread 0x000001f10b923990 Thread added: 0x000001f1223b5540
Event: 0.050 Thread 0x000001f10b923990 Thread added: 0x000001f1223b6fb0
Event: 0.050 Thread 0x000001f10b923990 Thread added: 0x000001f1223ba4e0
Event: 0.050 Thread 0x000001f10b923990 Thread added: 0x000001f1223bc6f0
Event: 0.050 Thread 0x000001f10b923990 Thread added: 0x000001f1648198a0
Event: 0.050 Thread 0x000001f10b923990 Thread added: 0x000001f16481b690
Event: 0.073 Thread 0x000001f16481b690 Thread added: 0x000001f164917a80
Event: 0.078 Thread 0x000001f164917a80 Thread added: 0x000001f16495bfb0
Event: 0.091 Thread 0x000001f10b923990 Thread added: 0x000001f164a37fa0
Event: 0.125 Thread 0x000001f1648198a0 Thread added: 0x000001f164a6f8d0
Event: 0.125 Thread 0x000001f1648198a0 Thread added: 0x000001f164a5f610
Event: 4.337 Thread 0x000001f10b923990 Thread added: 0x000001f166110c60
Event: 5.358 Thread 0x000001f164a6f8d0 Thread exited: 0x000001f164a6f8d0
Event: 5.358 Thread 0x000001f164a5f610 Thread exited: 0x000001f164a5f610
Event: 12.408 Thread 0x000001f164917a80 Thread exited: 0x000001f164917a80


Dynamic libraries:
0x00007ff6f1d50000 - 0x00007ff6f1d5e000 	c:\Users\29080\.cursor\extensions\redhat.java-1.53.0-win32-x64\jre\21.0.10-win32-x86_64\bin\java.exe
0x00007ff96a000000 - 0x00007ff96a267000 	C:\WINDOWS\SYSTEM32\ntdll.dll
0x00007ff969e40000 - 0x00007ff969f09000 	C:\WINDOWS\System32\KERNEL32.DLL
0x00007ff967570000 - 0x00007ff967961000 	C:\WINDOWS\System32\KERNELBASE.dll
0x00007ff9632c0000 - 0x00007ff96335f000 	C:\WINDOWS\SYSTEM32\apphelp.dll
0x00007ff967a30000 - 0x00007ff967b7b000 	C:\WINDOWS\System32\ucrtbase.dll
0x00007ff941c50000 - 0x00007ff941c6e000 	c:\Users\29080\.cursor\extensions\redhat.java-1.53.0-win32-x64\jre\21.0.10-win32-x86_64\bin\VCRUNTIME140.dll
0x00007ff9417e0000 - 0x00007ff9417f8000 	c:\Users\29080\.cursor\extensions\redhat.java-1.53.0-win32-x64\jre\21.0.10-win32-x86_64\bin\jli.dll
0x00007ff969b20000 - 0x00007ff969ce5000 	C:\WINDOWS\System32\USER32.dll
0x00007ff967a00000 - 0x00007ff967a27000 	C:\WINDOWS\System32\win32u.dll
0x00007ff9659e0000 - 0x00007ff965c73000 	C:\WINDOWS\WinSxS\amd64_microsoft.windows.common-controls_6595b64144ccf1df_6.0.26100.8037_none_3e092faae333b53b\COMCTL32.dll
0x00007ff969160000 - 0x00007ff96918b000 	C:\WINDOWS\System32\GDI32.dll
0x00007ff968b10000 - 0x00007ff968bb9000 	C:\WINDOWS\System32\msvcrt.dll
0x00007ff9672d0000 - 0x00007ff9673fb000 	C:\WINDOWS\System32\gdi32full.dll
0x00007ff967b80000 - 0x00007ff967c23000 	C:\WINDOWS\System32\msvcp_win.dll
0x00007ff968c90000 - 0x00007ff968cc1000 	C:\WINDOWS\System32\IMM32.DLL
0x00007ff95f730000 - 0x00007ff95f73c000 	c:\Users\29080\.cursor\extensions\redhat.java-1.53.0-win32-x64\jre\21.0.10-win32-x86_64\bin\vcruntime140_1.dll
0x00007ff9396c0000 - 0x00007ff93974d000 	c:\Users\29080\.cursor\extensions\redhat.java-1.53.0-win32-x64\jre\21.0.10-win32-x86_64\bin\msvcp140.dll
0x00007ff8d3fd0000 - 0x00007ff8d4d71000 	c:\Users\29080\.cursor\extensions\redhat.java-1.53.0-win32-x64\jre\21.0.10-win32-x86_64\bin\server\jvm.dll
0x00007ff968210000 - 0x00007ff9682cb000 	C:\WINDOWS\System32\ADVAPI32.dll
0x00007ff969f10000 - 0x00007ff969fb7000 	C:\WINDOWS\System32\sechost.dll
0x00007ff969d20000 - 0x00007ff969e38000 	C:\WINDOWS\System32\RPCRT4.dll
0x00007ff969a00000 - 0x00007ff969a74000 	C:\WINDOWS\System32\WS2_32.dll
0x00007ff95db60000 - 0x00007ff95db6b000 	C:\WINDOWS\SYSTEM32\VERSION.dll
0x00007ff95db20000 - 0x00007ff95db55000 	C:\WINDOWS\SYSTEM32\WINMM.dll
0x00007ff966740000 - 0x00007ff96679e000 	C:\WINDOWS\SYSTEM32\POWRPROF.dll
0x00007ff966720000 - 0x00007ff966734000 	C:\WINDOWS\SYSTEM32\UMPDC.dll
0x00007ff964d40000 - 0x00007ff964d5b000 	C:\WINDOWS\SYSTEM32\kernel.appcore.dll
0x00007ff948780000 - 0x00007ff94878a000 	c:\Users\29080\.cursor\extensions\redhat.java-1.53.0-win32-x64\jre\21.0.10-win32-x86_64\bin\jimage.dll
0x00007ff9660b0000 - 0x00007ff9662f2000 	C:\WINDOWS\SYSTEM32\DBGHELP.DLL
0x00007ff969270000 - 0x00007ff9695f2000 	C:\WINDOWS\System32\combase.dll
0x00007ff969190000 - 0x00007ff969267000 	C:\WINDOWS\System32\OLEAUT32.dll
0x00007ff965f80000 - 0x00007ff965fbb000 	C:\WINDOWS\SYSTEM32\dbgcore.DLL
0x00007ff967400000 - 0x00007ff9674a5000 	C:\WINDOWS\System32\bcryptPrimitives.dll
0x00007ff948690000 - 0x00007ff94869f000 	c:\Users\29080\.cursor\extensions\redhat.java-1.53.0-win32-x64\jre\21.0.10-win32-x86_64\bin\instrument.dll
0x00007ff941770000 - 0x00007ff941790000 	c:\Users\29080\.cursor\extensions\redhat.java-1.53.0-win32-x64\jre\21.0.10-win32-x86_64\bin\java.dll
0x00007ff968350000 - 0x00007ff968aaf000 	C:\WINDOWS\System32\SHELL32.dll
0x00007ff967c30000 - 0x00007ff967d9a000 	C:\WINDOWS\System32\wintypes.dll
0x00007ff966a60000 - 0x00007ff9672c4000 	C:\WINDOWS\System32\windows.storage.dll
0x00007ff967da0000 - 0x00007ff967e97000 	C:\WINDOWS\System32\SHCORE.dll
0x00007ff968c20000 - 0x00007ff968c87000 	C:\WINDOWS\System32\shlwapi.dll
0x00007ff966800000 - 0x00007ff966829000 	C:\WINDOWS\SYSTEM32\profapi.dll
0x00007ff941030000 - 0x00007ff941048000 	c:\Users\29080\.cursor\extensions\redhat.java-1.53.0-win32-x64\jre\21.0.10-win32-x86_64\bin\zip.dll
0x00007ff9485e0000 - 0x00007ff9485f0000 	C:\Users\29080\.cursor\extensions\redhat.java-1.53.0-win32-x64\jre\21.0.10-win32-x86_64\bin\net.dll
0x00007ff95e9e0000 - 0x00007ff95eb07000 	C:\WINDOWS\SYSTEM32\WINHTTP.dll
0x00007ff965270000 - 0x00007ff9652db000 	C:\WINDOWS\system32\mswsock.dll
0x00007ff940890000 - 0x00007ff9408a6000 	C:\Users\29080\.cursor\extensions\redhat.java-1.53.0-win32-x64\jre\21.0.10-win32-x86_64\bin\nio.dll
0x00007ff947d60000 - 0x00007ff947d70000 	c:\Users\29080\.cursor\extensions\redhat.java-1.53.0-win32-x64\jre\21.0.10-win32-x86_64\bin\verify.dll

JVMTI agents:
c:\Users\29080\.cursor\extensions\redhat.java-1.53.0-win32-x64\lombok\lombok-1.18.39-4050.jar path:c:\Users\29080\.cursor\extensions\redhat.java-1.53.0-win32-x64\jre\21.0.10-win32-x86_64\bin\instrument.dll, loaded, initialized, instrumentlib options:none

dbghelp: loaded successfully - version: 4.0.5 - missing functions: none
symbol engine: initialized successfully - sym options: 0x614 - pdb path: .;c:\Users\29080\.cursor\extensions\redhat.java-1.53.0-win32-x64\jre\21.0.10-win32-x86_64\bin;C:\WINDOWS\SYSTEM32;C:\WINDOWS\WinSxS\amd64_microsoft.windows.common-controls_6595b64144ccf1df_6.0.26100.8037_none_3e092faae333b53b;c:\Users\29080\.cursor\extensions\redhat.java-1.53.0-win32-x64\jre\21.0.10-win32-x86_64\bin\server

VM Arguments:
jvm_args: --add-modules=ALL-SYSTEM --add-opens=java.base/java.util=ALL-UNNAMED --add-opens=java.base/java.lang=ALL-UNNAMED --add-opens=java.base/sun.nio.fs=ALL-UNNAMED -Declipse.application=org.eclipse.jdt.ls.core.id1 -Dosgi.bundles.defaultStartLevel=4 -Declipse.product=org.eclipse.jdt.ls.core.product -Djava.import.generatesMetadataFilesAtProjectRoot=false -DDetectVMInstallationsJob.disabled=true -Dfile.encoding=utf8 -XX:+UseParallelGC -XX:GCTimeRatio=4 -XX:AdaptiveSizePolicyWeight=90 -Dsun.zip.disableMemoryMapping=true -Xmx2G -Xms100m -Xlog:disable -javaagent:c:\Users\29080\.cursor\extensions\redhat.java-1.53.0-win32-x64\lombok\lombok-1.18.39-4050.jar 
java_command: c:\Users\29080\.cursor\extensions\redhat.java-1.53.0-win32-x64\server\plugins\org.eclipse.equinox.launcher_1.7.100.v20251111-0406.jar -configuration c:\Users\29080\AppData\Roaming\Cursor\User\globalStorage\redhat.java\1.53.0\config_ss_win -data c:\Users\29080\AppData\Roaming\Cursor\User\workspaceStorage\72b98a27af6fee7d47d745e8f61a91ef\redhat.java\ss_ws --pipe=\\.\pipe\lsp-86060ed876bffabbb83cdec48a351a6c-sock
java_class_path (initial): c:\Users\29080\.cursor\extensions\redhat.java-1.53.0-win32-x64\server\plugins\org.eclipse.equinox.launcher_1.7.100.v20251111-0406.jar
Launcher Type: SUN_STANDARD

[Global flags]
    uintx AdaptiveSizePolicyWeight                 = 90                                        {product} {command line}
     intx CICompilerCount                          = 12                                        {product} {ergonomic}
    uintx GCTimeRatio                              = 4                                         {product} {command line}
   size_t InitialHeapSize                          = 104857600                                 {product} {command line}
   size_t MaxHeapSize                              = 2147483648                                {product} {command line}
   size_t MaxNewSize                               = 715653120                                 {product} {ergonomic}
   size_t MinHeapDeltaBytes                        = 524288                                    {product} {ergonomic}
   size_t MinHeapSize                              = 104857600                                 {product} {command line}
   size_t NewSize                                  = 34603008                                  {product} {ergonomic}
    uintx NonNMethodCodeHeapSize                   = 7602480                                {pd product} {ergonomic}
    uintx NonProfiledCodeHeapSize                  = 122027880                              {pd product} {ergonomic}
   size_t OldSize                                  = 70254592                                  {product} {ergonomic}
    uintx ProfiledCodeHeapSize                     = 122027880                              {pd product} {ergonomic}
    uintx ReservedCodeCacheSize                    = 251658240                              {pd product} {ergonomic}
     bool SegmentedCodeCache                       = true                                      {product} {ergonomic}
   size_t SoftMaxHeapSize                          = 2147483648                             {manageable} {ergonomic}
     bool UseCompressedOops                        = true                           {product lp64_product} {ergonomic}
     bool UseLargePagesIndividualAllocation        = false                                  {pd product} {ergonomic}
     bool UseParallelGC                            = true                                      {product} {command line}

Logging:
Log output configuration:
 #0: stdout all=off uptime,level,tags foldmultilines=false
 #1: stderr all=off uptime,level,tags foldmultilines=false

Release file:
JAVA_VERSION="21.0.10" 
MODULES="java.base java.compiler java.datatransfer java.xml java.prefs java.desktop java.instrument java.logging java.management java.security.sasl java.naming java.rmi java.management.rmi java.net.http java.scripting java.security.jgss java.transaction.xa java.sql java.sql.rowset java.xml.crypto java.se java.smartcardio jdk.accessibility jdk.internal.jvmstat jdk.attach jdk.charsets jdk.internal.opt jdk.zipfs jdk.compiler jdk.crypto.ec jdk.crypto.cryptoki jdk.crypto.mscapi jdk.dynalink jdk.internal.ed jdk.editpad jdk.hotspot.agent jdk.httpserver jdk.internal.le jdk.internal.vm.ci jdk.internal.vm.compiler jdk.internal.vm.compiler.management jdk.jartool jdk.javadoc jdk.jcmd jdk.management jdk.management.agent jdk.jconsole jdk.jdeps jdk.jdwp.agent jdk.jdi jdk.jfr jdk.jshell jdk.jsobject jdk.jstatd jdk.localedata jdk.management.jfr jdk.naming.dns jdk.naming.rmi jdk.net jdk.nio.mapmode jdk.random jdk.sctp jdk.security.auth jdk.security.jgss jdk.unsupported jdk.unsupported.desktop jdk.xml.dom" 

Environment Variables:
JAVA_HOME=D:\code\develop\jdk21
PATH=C:\Program Files\Common Files\Oracle\Java\javapath;C:\WINDOWS\system32;C:\WINDOWS;C:\WINDOWS\System32\Wbem;C:\WINDOWS\System32\WindowsPowerShell\v1.0\;C:\WINDOWS\System32\OpenSSH\;C:\Program Files\MySQL\MySQL Server 8.0\bin;C:\Program Files\NVIDIA Corporation\NVIDIA app\NvDLISR;C:\Program Files (x86)\NVIDIA Corporation\PhysX\Common;C:\Program Files\Pandoc\;C:\Program Files\Bandizip\;C:\Program Files\Git\cmd;D:\code\develop\apache-maven-3.9.4\bin;D:\code\develop\jdk21\bin;D:\code\develop\mysql\mysql-install-directory\bin;C:\Users\29080\AppData\Local\Microsoft\WindowsApps;D:\code\IDE\idea\IntelliJ IDEA 2025.2.4\bin;D:\code\develop\DataGrip 2024.1.1\bin;;D:\code\develop\cursor\resources\app\bin
USERNAME=29080
OS=Windows_NT
PROCESSOR_IDENTIFIER=AMD64 Family 23 Model 96 Stepping 1, AuthenticAMD
TMP=C:\Users\29080\AppData\Local\Temp
TEMP=C:\Users\29080\AppData\Local\Temp




Periodic native trim disabled

---------------  S Y S T E M  ---------------

OS:
 Windows 11 , 64 bit Build 26100 (10.0.26100.7920)
OS uptime: 1 days 7:42 hours

CPU: total 16 (initial active 16) (16 cores per cpu, 2 threads per core) family 23 model 96 stepping 1 microcode 0x8600104, cx8, cmov, fxsr, ht, mmx, 3dnowpref, sse, sse2, sse3, ssse3, sse4a, sse4.1, sse4.2, popcnt, lzcnt, tsc, tscinvbit, avx, avx2, aes, clmul, bmi1, bmi2, adx, sha, fma, vzeroupper, clflush, clflushopt, rdtscp, rdpid, f16c
Processor Information for the first 16 processors :
  Max Mhz: 2900, Current Mhz: 2900, Mhz Limit: 2900

Memory: 4k page, system-wide physical 15789M (2607M free)
TotalPageFile size 28168M (AvailPageFile size 3M)
current process WorkingSet (physical memory assigned to process): 53M, peak: 53M
current process commit charge ("private bytes"): 243M, peak: 244M

vm_info: OpenJDK 64-Bit Server VM (21.0.10+7-LTS) for windows-amd64 JRE (21.0.10+7-LTS), built on 2026-01-20T00:00:00Z by "admin" with MS VC++ 17.12 (VS2022)

END.
