#
# There is insufficient memory for the Java Runtime Environment to continue.
# Native memory allocation (malloc) failed to allocate 1680176 bytes. Error detail: Chunk::new
# Possible reasons:
#   The system is out of physical RAM or swap space
#   This process is running with CompressedOops enabled, and the Java Heap may be blocking the growth of the native heap
# Possible solutions:
#   Reduce memory load on the system
#   Increase physical memory or swap space
#   Check if swap backing store is full
#   Decrease Java heap size (-Xmx/-Xms)
#   Decrease number of Java threads
#   Decrease Java thread stack sizes (-Xss)
#   Set larger code cache with -XX:ReservedCodeCacheSize=
#   JVM is running with Unscaled Compressed Oops mode in which the Java heap is
#     placed in the first 4GB address space. The Java Heap base address is the
#     maximum limit for the native heap growth. Please use -XX:HeapBaseMinAddress
#     to set the Java Heap base and to place the Java Heap above 4GB virtual address.
# This output file may be truncated or incomplete.
#
#  Out of Memory Error (arena.cpp:168), pid=13628, tid=24108
#
# JRE version: OpenJDK Runtime Environment Temurin-21.0.10+7 (21.0.10+7) (build 21.0.10+7-LTS)
# Java VM: OpenJDK 64-Bit Server VM Temurin-21.0.10+7 (21.0.10+7-LTS, mixed mode, sharing, tiered, compressed oops, compressed class ptrs, parallel gc, windows-amd64)
# No core dump will be written. Minidumps are not enabled by default on client versions of Windows
#

---------------  S U M M A R Y ------------

Command Line: --add-modules=ALL-SYSTEM --add-opens=java.base/java.util=ALL-UNNAMED --add-opens=java.base/java.lang=ALL-UNNAMED --add-opens=java.base/sun.nio.fs=ALL-UNNAMED -Declipse.application=org.eclipse.jdt.ls.core.id1 -Dosgi.bundles.defaultStartLevel=4 -Declipse.product=org.eclipse.jdt.ls.core.product -Djava.import.generatesMetadataFilesAtProjectRoot=false -DDetectVMInstallationsJob.disabled=true -Dfile.encoding=utf8 -XX:+UseParallelGC -XX:GCTimeRatio=4 -XX:AdaptiveSizePolicyWeight=90 -Dsun.zip.disableMemoryMapping=true -Xmx2G -Xms100m -Xlog:disable -javaagent:c:\Users\29080\.cursor\extensions\redhat.java-1.53.0-win32-x64\lombok\lombok-1.18.39-4050.jar -XX:+HeapDumpOnOutOfMemoryError -XX:HeapDumpPath=c:\Users\29080\AppData\Roaming\Cursor\User\workspaceStorage\72b98a27af6fee7d47d745e8f61a91ef\redhat.java -Daether.dependencyCollector.impl=bf c:\Users\29080\.cursor\extensions\redhat.java-1.53.0-win32-x64\server\plugins\org.eclipse.equinox.launcher_1.7.100.v20251111-0406.jar -configuration c:\Users\29080\AppData\Roaming\Cursor\User\globalStorage\redhat.java\1.53.0\config_win -data c:\Users\29080\AppData\Roaming\Cursor\User\workspaceStorage\72b98a27af6fee7d47d745e8f61a91ef\redhat.java\jdt_ws --pipe=\\.\pipe\lsp-4b03dce6af55d050aea0cdd5e1a66102-sock

Host: AMD Ryzen 7 4800H with Radeon Graphics         , 16 cores, 15G,  Windows 11 , 64 bit Build 26100 (10.0.26100.7920)
Time: Sat Apr  4 12:13:32 2026 elapsed time: 14.640230 seconds (0d 0h 0m 14s)

---------------  T H R E A D  ---------------

Current thread (0x000001af729fe290):  JavaThread "C2 CompilerThread1" daemon [_thread_in_native, id=24108, stack(0x0000009d91000000,0x0000009d91100000) (1024K)]


Current CompileTask:
C2:14640 4533   !   4       org.eclipse.osgi.internal.loader.classpath.ClasspathManager::findClassImpl (328 bytes)

Stack: [0x0000009d91000000,0x0000009d91100000]
Native frames: (J=compiled Java code, j=interpreted, Vv=VM code, C=native code)
V  [jvm.dll+0x6d7a39]
V  [jvm.dll+0x8b4b26]
V  [jvm.dll+0x8b70de]
V  [jvm.dll+0x8b77c3]
V  [jvm.dll+0x284346]
V  [jvm.dll+0xc66ed]
V  [jvm.dll+0xc6c31]
V  [jvm.dll+0x3bec01]
V  [jvm.dll+0x38b162]
V  [jvm.dll+0x38a5aa]
V  [jvm.dll+0x24c560]
V  [jvm.dll+0x24bb40]
V  [jvm.dll+0x1cb34e]
V  [jvm.dll+0x25b85d]
V  [jvm.dll+0x259dea]
V  [jvm.dll+0x3f857e]
V  [jvm.dll+0x85f59d]
V  [jvm.dll+0x6d626d]
C  [ucrtbase.dll+0x37b0]
C  [KERNEL32.DLL+0x2e8d7]
C  [ntdll.dll+0x8c48c]


---------------  P R O C E S S  ---------------

Threads class SMR info:
_java_thread_list=0x000001af73232760, length=27, elements={
0x000001af10b499f0, 0x000001af1101e270, 0x000001af295d6f70, 0x000001af295dd760,
0x000001af295e1ef0, 0x000001af295e3a20, 0x000001af295e7560, 0x000001af6bb46890,
0x000001af6bb55310, 0x000001af6bc4bcf0, 0x000001af6bd99ab0, 0x000001af6d57c820,
0x000001af72683240, 0x000001af725afad0, 0x000001af72880290, 0x000001af722583f0,
0x000001af72ce6910, 0x000001af729f75e0, 0x000001af729fe290, 0x000001af7293d360,
0x000001af72bfe320, 0x000001af72bffd60, 0x000001af72bfe9b0, 0x000001af7339c980,
0x000001af733a0000, 0x000001af72c00a80, 0x000001af72c003f0
}

Java Threads: ( => current thread )
  0x000001af10b499f0 JavaThread "main"                              [_thread_blocked, id=10664, stack(0x0000009d8f300000,0x0000009d8f400000) (1024K)]
  0x000001af1101e270 JavaThread "Reference Handler"          daemon [_thread_blocked, id=23808, stack(0x0000009d8f700000,0x0000009d8f800000) (1024K)]
  0x000001af295d6f70 JavaThread "Finalizer"                  daemon [_thread_blocked, id=12976, stack(0x0000009d8f800000,0x0000009d8f900000) (1024K)]
  0x000001af295dd760 JavaThread "Signal Dispatcher"          daemon [_thread_blocked, id=4200, stack(0x0000009d8f900000,0x0000009d8fa00000) (1024K)]
  0x000001af295e1ef0 JavaThread "Attach Listener"            daemon [_thread_blocked, id=6732, stack(0x0000009d8fa00000,0x0000009d8fb00000) (1024K)]
  0x000001af295e3a20 JavaThread "Service Thread"             daemon [_thread_blocked, id=22704, stack(0x0000009d8fb00000,0x0000009d8fc00000) (1024K)]
  0x000001af295e7560 JavaThread "Monitor Deflation Thread"   daemon [_thread_blocked, id=11340, stack(0x0000009d8fc00000,0x0000009d8fd00000) (1024K)]
  0x000001af6bb46890 JavaThread "C2 CompilerThread0"         daemon [_thread_in_native, id=15528, stack(0x0000009d8fd00000,0x0000009d8fe00000) (1024K)]
  0x000001af6bb55310 JavaThread "C1 CompilerThread0"         daemon [_thread_in_native, id=21768, stack(0x0000009d8fe00000,0x0000009d8ff00000) (1024K)]
  0x000001af6bc4bcf0 JavaThread "C1 CompilerThread1"         daemon [_thread_in_native, id=11248, stack(0x0000009d8ff00000,0x0000009d90000000) (1024K)]
  0x000001af6bd99ab0 JavaThread "Common-Cleaner"             daemon [_thread_blocked, id=2100, stack(0x0000009d90300000,0x0000009d90400000) (1024K)]
  0x000001af6d57c820 JavaThread "Notification Thread"        daemon [_thread_blocked, id=2000, stack(0x0000009d90400000,0x0000009d90500000) (1024K)]
  0x000001af72683240 JavaThread "Active Thread: Equinox Container: fe683353-c529-469d-88f2-32803f3fd7da"        [_thread_blocked, id=21248, stack(0x0000009d90c00000,0x0000009d90d00000) (1024K)]
  0x000001af725afad0 JavaThread "Refresh Thread: Equinox Container: fe683353-c529-469d-88f2-32803f3fd7da" daemon [_thread_blocked, id=26208, stack(0x0000009d90500000,0x0000009d90600000) (1024K)]
  0x000001af72880290 JavaThread "Framework Event Dispatcher: Equinox Container: fe683353-c529-469d-88f2-32803f3fd7da" daemon [_thread_blocked, id=12012, stack(0x0000009d90e00000,0x0000009d90f00000) (1024K)]
  0x000001af722583f0 JavaThread "Start Level: Equinox Container: fe683353-c529-469d-88f2-32803f3fd7da" daemon [_thread_in_Java, id=22236, stack(0x0000009d90f00000,0x0000009d91000000) (1024K)]
  0x000001af72ce6910 JavaThread "Bundle File Closer"         daemon [_thread_blocked, id=24424, stack(0x0000009d91400000,0x0000009d91500000) (1024K)]
  0x000001af729f75e0 JavaThread "SCR Component Actor"        daemon [_thread_blocked, id=12852, stack(0x0000009d90200000,0x0000009d90300000) (1024K)]
=>0x000001af729fe290 JavaThread "C2 CompilerThread1"         daemon [_thread_in_native, id=24108, stack(0x0000009d91000000,0x0000009d91100000) (1024K)]
  0x000001af7293d360 JavaThread "Worker-JM"                         [_thread_blocked, id=14404, stack(0x0000009d91600000,0x0000009d91700000) (1024K)]
  0x000001af72bfe320 JavaThread "JNA Cleaner"                daemon [_thread_blocked, id=20560, stack(0x0000009d91800000,0x0000009d91900000) (1024K)]
  0x000001af72bffd60 JavaThread "Worker-0"                          [_thread_blocked, id=16848, stack(0x0000009d91900000,0x0000009d91a00000) (1024K)]
  0x000001af72bfe9b0 JavaThread "Worker-1: Repository registry initialization"        [_thread_in_native, id=11112, stack(0x0000009d91a00000,0x0000009d91b00000) (1024K)]
  0x000001af7339c980 JavaThread "C2 CompilerThread2"         daemon [_thread_in_native, id=25752, stack(0x0000009d91b00000,0x0000009d91c00000) (1024K)]
  0x000001af733a0000 JavaThread "C2 CompilerThread3"         daemon [_thread_in_native, id=21604, stack(0x0000009d91c00000,0x0000009d91d00000) (1024K)]
  0x000001af72c00a80 JavaThread "Java indexing"              daemon [_thread_blocked, id=18124, stack(0x0000009d91d00000,0x0000009d91e00000) (1024K)]
  0x000001af72c003f0 JavaThread "Worker-2"                          [_thread_blocked, id=22004, stack(0x0000009d91e00000,0x0000009d91f00000) (1024K)]
Total: 27

Other Threads:
  0x000001af295d4150 VMThread "VM Thread"                           [id=21936, stack(0x0000009d8f600000,0x0000009d8f700000) (1024K)]
  0x000001af294cca00 WatcherThread "VM Periodic Task Thread"        [id=10028, stack(0x0000009d8f500000,0x0000009d8f600000) (1024K)]
  0x000001af10f82d50 WorkerThread "GC Thread#0"                     [id=5420, stack(0x0000009d8f400000,0x0000009d8f500000) (1024K)]
  0x000001af72240050 WorkerThread "GC Thread#1"                     [id=11732, stack(0x0000009d90600000,0x0000009d90700000) (1024K)]
  0x000001af72240400 WorkerThread "GC Thread#2"                     [id=11100, stack(0x0000009d90700000,0x0000009d90800000) (1024K)]
  0x000001af720968b0 WorkerThread "GC Thread#3"                     [id=4272, stack(0x0000009d90800000,0x0000009d90900000) (1024K)]
  0x000001af72096c60 WorkerThread "GC Thread#4"                     [id=16952, stack(0x0000009d90900000,0x0000009d90a00000) (1024K)]
  0x000001af72097010 WorkerThread "GC Thread#5"                     [id=21164, stack(0x0000009d90a00000,0x0000009d90b00000) (1024K)]
  0x000001af6d9d08e0 WorkerThread "GC Thread#6"                     [id=22312, stack(0x0000009d90b00000,0x0000009d90c00000) (1024K)]
  0x000001af724aa260 WorkerThread "GC Thread#7"                     [id=16756, stack(0x0000009d90d00000,0x0000009d90e00000) (1024K)]
  0x000001af724a93a0 WorkerThread "GC Thread#8"                     [id=20608, stack(0x0000009d91100000,0x0000009d91200000) (1024K)]
  0x000001af724a8ff0 WorkerThread "GC Thread#9"                     [id=10840, stack(0x0000009d91200000,0x0000009d91300000) (1024K)]
  0x000001af724aa610 WorkerThread "GC Thread#10"                    [id=19688, stack(0x0000009d91300000,0x0000009d91400000) (1024K)]
  0x000001af724a8c40 WorkerThread "GC Thread#11"                    [id=16236, stack(0x0000009d91500000,0x0000009d91600000) (1024K)]
  0x000001af724a9b00 WorkerThread "GC Thread#12"                    [id=22664, stack(0x0000009d91700000,0x0000009d91800000) (1024K)]
Total: 15

Threads with active compile tasks:
C2 CompilerThread0  14678 4815       4       java.lang.StringLatin1::compareToCI (108 bytes)
C2 CompilerThread1  14678 4533   !   4       org.eclipse.osgi.internal.loader.classpath.ClasspathManager::findClassImpl (328 bytes)
C2 CompilerThread2  14678 4768       4       java.lang.invoke.MemberName::getMethodOrFieldType (72 bytes)
C2 CompilerThread3  14678 4814       4       org.eclipse.osgi.internal.serviceregistry.ServiceRegistry::notifyHooksPrivileged (57 bytes)
Total: 4

VM state: not at safepoint (normal execution)

VM Mutex/Monitor currently owned by a thread: None

Heap address: 0x0000000080000000, size: 2048 MB, Compressed Oops mode: 32-bit

CDS archive(s) mapped at: [0x000001af2a000000-0x000001af2aba0000-0x000001af2aba0000), size 12189696, SharedBaseAddress: 0x000001af2a000000, ArchiveRelocationMode: 1.
Compressed class space mapped at: 0x000001af2b000000-0x000001af6b000000, reserved size: 1073741824
Narrow klass base: 0x000001af2a000000, Narrow klass shift: 0, Narrow klass range: 0x100000000

GC Precious Log:
 CardTable entry size: 512
 CPUs: 16 total, 16 available
 Memory: 15789M
 Large Page Support: Disabled
 NUMA Support: Disabled
 Compressed Oops: Enabled (32-bit)
 Alignments: Space 512K, Generation 512K, Heap 2M
 Heap Min Capacity: 100M
 Heap Initial Capacity: 100M
 Heap Max Capacity: 2G
 Pre-touch: Disabled
 Parallel Workers: 13

Heap:
 PSYoungGen      total 24576K, used 3393K [0x00000000d5580000, 0x00000000d7100000, 0x0000000100000000)
  eden space 22528K, 7% used [0x00000000d5580000,0x00000000d573a578,0x00000000d6b80000)
  from space 2048K, 79% used [0x00000000d6e00000,0x00000000d6f960b0,0x00000000d7000000)
  to   space 1024K, 0% used [0x00000000d7000000,0x00000000d7000000,0x00000000d7100000)
 ParOldGen       total 68608K, used 16944K [0x0000000080000000, 0x0000000084300000, 0x00000000d5580000)
  object space 68608K, 24% used [0x0000000080000000,0x000000008108c2d8,0x0000000084300000)
 Metaspace       used 31344K, committed 32320K, reserved 1114112K
  class space    used 3136K, committed 3520K, reserved 1048576K

Card table byte_map: [0x000001af24900000,0x000001af24d10000] _byte_map_base: 0x000001af24500000

Marking Bits: (ParMarkBitMap*) 0x00007ff8d4c93450
 Begin Bits: [0x000001af24fc0000, 0x000001af26fc0000)
 End Bits:   [0x000001af26fc0000, 0x000001af28fc0000)

Polling page: 0x000001af10c10000

Metaspace:

Usage:
  Non-class:     27.55 MB used.
      Class:      3.06 MB used.
       Both:     30.61 MB used.

Virtual space:
  Non-class space:       64.00 MB reserved,      28.12 MB ( 44%) committed,  1 nodes.
      Class space:        1.00 GB reserved,       3.44 MB ( <1%) committed,  1 nodes.
             Both:        1.06 GB reserved,      31.56 MB (  3%) committed. 

Chunk freelists:
   Non-Class:  2.94 MB
       Class:  12.57 MB
        Both:  15.50 MB

MaxMetaspaceSize: unlimited
CompressedClassSpaceSize: 1.00 GB
Initial GC threshold: 21.00 MB
Current GC threshold: 35.00 MB
CDS: on
 - commit_granule_bytes: 65536.
 - commit_granule_words: 8192.
 - virtual_space_node_default_size: 8388608.
 - enlarge_chunks_in_place: 1.
 - use_allocation_guard: 0.


Internal statistics:

num_allocs_failed_limit: 3.
num_arena_births: 846.
num_arena_deaths: 14.
num_vsnodes_births: 2.
num_vsnodes_deaths: 0.
num_space_committed: 505.
num_space_uncommitted: 0.
num_chunks_returned_to_freelist: 17.
num_chunks_taken_from_freelist: 2167.
num_chunk_merges: 4.
num_chunk_splits: 1354.
num_chunks_enlarged: 799.
num_inconsistent_stats: 0.

CodeHeap 'non-profiled nmethods': size=119168Kb used=2225Kb max_used=2225Kb free=116942Kb
 bounds [0x000001af1d2b0000, 0x000001af1d520000, 0x000001af24710000]
CodeHeap 'profiled nmethods': size=119104Kb used=10427Kb max_used=10427Kb free=108676Kb
 bounds [0x000001af15710000, 0x000001af16140000, 0x000001af1cb60000]
CodeHeap 'non-nmethods': size=7488Kb used=1908Kb max_used=3090Kb free=5579Kb
 bounds [0x000001af1cb60000, 0x000001af1ce70000, 0x000001af1d2b0000]
CodeCache: size=245760Kb, used=14560Kb, max_used=15742Kb, free=231197Kb
 total_blobs=5453, nmethods=4815, adapters=543, full_count=0
Compilation: enabled, stopped_count=0, restarted_count=0

Compilation events (20 events):
Event: 13.626 Thread 0x000001af6bc4c3a0 4756   !   3       org.eclipse.core.internal.preferences.EclipsePreferences::internalGet (62 bytes)
Event: 13.626 Thread 0x000001af6bc4bcf0 4757       3       org.eclipse.core.internal.preferences.EclipsePreferences::get (16 bytes)
Event: 13.626 Thread 0x000001af6bb55310 4758       3       org.eclipse.core.internal.preferences.PreferencesService::get (62 bytes)
Event: 13.626 Thread 0x000001af6bc4bcf0 nmethod 4757 0x000001af16115590 code [0x000001af16115740, 0x000001af16115960]
Event: 13.626 Thread 0x000001af6bb55310 nmethod 4758 0x000001af16115a10 code [0x000001af16115c00, 0x000001af16116110]
Event: 13.626 Thread 0x000001af6bc4c3a0 nmethod 4756 0x000001af16116310 code [0x000001af16116520, 0x000001af16116bf8]
Event: 13.626 Thread 0x000001af6bb55310 4760       1       java.util.Hashtable$Entry::getValue (5 bytes)
Event: 13.626 Thread 0x000001af6bc4c3a0 4759       1       java.util.Hashtable$Entry::getKey (5 bytes)
Event: 13.626 Thread 0x000001af6bc4bcf0 4761       3       java.util.Hashtable$Enumerator::hasNext (5 bytes)
Event: 13.626 Thread 0x000001af6bc4c3a0 nmethod 4759 0x000001af1d4d1610 code [0x000001af1d4d17a0, 0x000001af1d4d1868]
Event: 13.626 Thread 0x000001af6bb55310 nmethod 4760 0x000001af1d4d1910 code [0x000001af1d4d1aa0, 0x000001af1d4d1b68]
Event: 13.627 Thread 0x000001af6bc4bcf0 nmethod 4761 0x000001af16116e90 code [0x000001af16117040, 0x000001af16117180]
Event: 13.627 Thread 0x000001af6bb55310 4762       3       java.util.Hashtable$Enumerator::next (27 bytes)
Event: 13.627 Thread 0x000001af6bb55310 nmethod 4762 0x000001af16117210 code [0x000001af161173e0, 0x000001af16117638]
Event: 13.628 Thread 0x000001af6bb46890 nmethod 4746 0x000001af1d4d1c10 code [0x000001af1d4d1e80, 0x000001af1d4d2c18]
Event: 13.628 Thread 0x000001af6bb46890 4755       4       org.eclipse.core.internal.preferences.EclipsePreferences::checkRemoved (26 bytes)
Event: 13.628 Thread 0x000001af6bb46890 nmethod 4755 0x000001af1d4d3490 code [0x000001af1d4d3620, 0x000001af1d4d36c8]
Event: 13.629 Thread 0x000001af7339c980 nmethod 4754 0x000001af1d4d3790 code [0x000001af1d4d3940, 0x000001af1d4d3eb0]
Event: 13.631 Thread 0x000001af6bb46890 4764       4       java.util.Hashtable::addEntry (87 bytes)
Event: 13.631 Thread 0x000001af7339c980 4763  s    4       java.util.Hashtable::put (104 bytes)

GC Heap History (20 events):
Event: 2.244 GC heap before
{Heap before GC invocations=2 (full 0):
 PSYoungGen      total 29696K, used 29308K [0x00000000d5580000, 0x00000000d7680000, 0x0000000100000000)
  eden space 25600K, 100% used [0x00000000d5580000,0x00000000d6e80000,0x00000000d6e80000)
  from space 4096K, 90% used [0x00000000d6e80000,0x00000000d721f000,0x00000000d7280000)
  to   space 4096K, 0% used [0x00000000d7280000,0x00000000d7280000,0x00000000d7680000)
 ParOldGen       total 68608K, used 16K [0x0000000080000000, 0x0000000084300000, 0x00000000d5580000)
  object space 68608K, 0% used [0x0000000080000000,0x0000000080004000,0x0000000084300000)
 Metaspace       used 7854K, committed 8192K, reserved 1114112K
  class space    used 811K, committed 960K, reserved 1048576K
}
Event: 2.252 GC heap after
{Heap after GC invocations=2 (full 0):
 PSYoungGen      total 29696K, used 4070K [0x00000000d5580000, 0x00000000d7680000, 0x0000000100000000)
  eden space 25600K, 0% used [0x00000000d5580000,0x00000000d5580000,0x00000000d6e80000)
  from space 4096K, 99% used [0x00000000d7280000,0x00000000d7679820,0x00000000d7680000)
  to   space 4096K, 0% used [0x00000000d6e80000,0x00000000d6e80000,0x00000000d7280000)
 ParOldGen       total 68608K, used 1925K [0x0000000080000000, 0x0000000084300000, 0x00000000d5580000)
  object space 68608K, 2% used [0x0000000080000000,0x00000000801e16b8,0x0000000084300000)
 Metaspace       used 7854K, committed 8192K, reserved 1114112K
  class space    used 811K, committed 960K, reserved 1048576K
}
Event: 3.185 GC heap before
{Heap before GC invocations=3 (full 0):
 PSYoungGen      total 29696K, used 29670K [0x00000000d5580000, 0x00000000d7680000, 0x0000000100000000)
  eden space 25600K, 100% used [0x00000000d5580000,0x00000000d6e80000,0x00000000d6e80000)
  from space 4096K, 99% used [0x00000000d7280000,0x00000000d7679820,0x00000000d7680000)
  to   space 4096K, 0% used [0x00000000d6e80000,0x00000000d6e80000,0x00000000d7280000)
 ParOldGen       total 68608K, used 1925K [0x0000000080000000, 0x0000000084300000, 0x00000000d5580000)
  object space 68608K, 2% used [0x0000000080000000,0x00000000801e16b8,0x0000000084300000)
 Metaspace       used 9495K, committed 9792K, reserved 1114112K
  class space    used 1008K, committed 1152K, reserved 1048576K
}
Event: 3.191 GC heap after
{Heap after GC invocations=3 (full 0):
 PSYoungGen      total 29696K, used 4089K [0x00000000d5580000, 0x00000000d7680000, 0x0000000100000000)
  eden space 25600K, 0% used [0x00000000d5580000,0x00000000d5580000,0x00000000d6e80000)
  from space 4096K, 99% used [0x00000000d6e80000,0x00000000d727e758,0x00000000d7280000)
  to   space 4096K, 0% used [0x00000000d7280000,0x00000000d7280000,0x00000000d7680000)
 ParOldGen       total 68608K, used 4270K [0x0000000080000000, 0x0000000084300000, 0x00000000d5580000)
  object space 68608K, 6% used [0x0000000080000000,0x000000008042b988,0x0000000084300000)
 Metaspace       used 9495K, committed 9792K, reserved 1114112K
  class space    used 1008K, committed 1152K, reserved 1048576K
}
Event: 4.081 GC heap before
{Heap before GC invocations=4 (full 0):
 PSYoungGen      total 29696K, used 29689K [0x00000000d5580000, 0x00000000d7680000, 0x0000000100000000)
  eden space 25600K, 100% used [0x00000000d5580000,0x00000000d6e80000,0x00000000d6e80000)
  from space 4096K, 99% used [0x00000000d6e80000,0x00000000d727e758,0x00000000d7280000)
  to   space 4096K, 0% used [0x00000000d7280000,0x00000000d7280000,0x00000000d7680000)
 ParOldGen       total 68608K, used 4270K [0x0000000080000000, 0x0000000084300000, 0x00000000d5580000)
  object space 68608K, 6% used [0x0000000080000000,0x000000008042b988,0x0000000084300000)
 Metaspace       used 11451K, committed 11840K, reserved 1114112K
  class space    used 1197K, committed 1344K, reserved 1048576K
}
Event: 4.087 GC heap after
{Heap after GC invocations=4 (full 0):
 PSYoungGen      total 29696K, used 4095K [0x00000000d5580000, 0x00000000d7680000, 0x0000000100000000)
  eden space 25600K, 0% used [0x00000000d5580000,0x00000000d5580000,0x00000000d6e80000)
  from space 4096K, 99% used [0x00000000d7280000,0x00000000d767feb8,0x00000000d7680000)
  to   space 4096K, 0% used [0x00000000d6e80000,0x00000000d6e80000,0x00000000d7280000)
 ParOldGen       total 68608K, used 6669K [0x0000000080000000, 0x0000000084300000, 0x00000000d5580000)
  object space 68608K, 9% used [0x0000000080000000,0x00000000806836f8,0x0000000084300000)
 Metaspace       used 11451K, committed 11840K, reserved 1114112K
  class space    used 1197K, committed 1344K, reserved 1048576K
}
Event: 4.979 GC heap before
{Heap before GC invocations=5 (full 0):
 PSYoungGen      total 29696K, used 29695K [0x00000000d5580000, 0x00000000d7680000, 0x0000000100000000)
  eden space 25600K, 100% used [0x00000000d5580000,0x00000000d6e80000,0x00000000d6e80000)
  from space 4096K, 99% used [0x00000000d7280000,0x00000000d767feb8,0x00000000d7680000)
  to   space 4096K, 0% used [0x00000000d6e80000,0x00000000d6e80000,0x00000000d7280000)
 ParOldGen       total 68608K, used 6669K [0x0000000080000000, 0x0000000084300000, 0x00000000d5580000)
  object space 68608K, 9% used [0x0000000080000000,0x00000000806836f8,0x0000000084300000)
 Metaspace       used 15346K, committed 16000K, reserved 1114112K
  class space    used 1579K, committed 1856K, reserved 1048576K
}
Event: 4.983 GC heap after
{Heap after GC invocations=5 (full 0):
 PSYoungGen      total 29184K, used 4077K [0x00000000d5580000, 0x00000000d7900000, 0x0000000100000000)
  eden space 25088K, 0% used [0x00000000d5580000,0x00000000d5580000,0x00000000d6e00000)
  from space 4096K, 99% used [0x00000000d6e80000,0x00000000d727b6e0,0x00000000d7280000)
  to   space 5632K, 0% used [0x00000000d7380000,0x00000000d7380000,0x00000000d7900000)
 ParOldGen       total 68608K, used 7661K [0x0000000080000000, 0x0000000084300000, 0x00000000d5580000)
  object space 68608K, 11% used [0x0000000080000000,0x000000008077b708,0x0000000084300000)
 Metaspace       used 15346K, committed 16000K, reserved 1114112K
  class space    used 1579K, committed 1856K, reserved 1048576K
}
Event: 5.586 GC heap before
{Heap before GC invocations=6 (full 0):
 PSYoungGen      total 29184K, used 29165K [0x00000000d5580000, 0x00000000d7900000, 0x0000000100000000)
  eden space 25088K, 100% used [0x00000000d5580000,0x00000000d6e00000,0x00000000d6e00000)
  from space 4096K, 99% used [0x00000000d6e80000,0x00000000d727b6e0,0x00000000d7280000)
  to   space 5632K, 0% used [0x00000000d7380000,0x00000000d7380000,0x00000000d7900000)
 ParOldGen       total 68608K, used 7661K [0x0000000080000000, 0x0000000084300000, 0x00000000d5580000)
  object space 68608K, 11% used [0x0000000080000000,0x000000008077b708,0x0000000084300000)
 Metaspace       used 18664K, committed 19392K, reserved 1114112K
  class space    used 1950K, committed 2240K, reserved 1048576K
}
Event: 5.589 GC heap after
{Heap after GC invocations=6 (full 0):
 PSYoungGen      total 30208K, used 5626K [0x00000000d5580000, 0x00000000d7980000, 0x0000000100000000)
  eden space 24576K, 0% used [0x00000000d5580000,0x00000000d5580000,0x00000000d6d80000)
  from space 5632K, 99% used [0x00000000d7380000,0x00000000d78fe930,0x00000000d7900000)
  to   space 6144K, 0% used [0x00000000d6d80000,0x00000000d6d80000,0x00000000d7380000)
 ParOldGen       total 68608K, used 7669K [0x0000000080000000, 0x0000000084300000, 0x00000000d5580000)
  object space 68608K, 11% used [0x0000000080000000,0x000000008077d708,0x0000000084300000)
 Metaspace       used 18664K, committed 19392K, reserved 1114112K
  class space    used 1950K, committed 2240K, reserved 1048576K
}
Event: 5.944 GC heap before
{Heap before GC invocations=7 (full 0):
 PSYoungGen      total 30208K, used 25754K [0x00000000d5580000, 0x00000000d7980000, 0x0000000100000000)
  eden space 24576K, 81% used [0x00000000d5580000,0x00000000d69281d0,0x00000000d6d80000)
  from space 5632K, 99% used [0x00000000d7380000,0x00000000d78fe930,0x00000000d7900000)
  to   space 6144K, 0% used [0x00000000d6d80000,0x00000000d6d80000,0x00000000d7380000)
 ParOldGen       total 68608K, used 7669K [0x0000000080000000, 0x0000000084300000, 0x00000000d5580000)
  object space 68608K, 11% used [0x0000000080000000,0x000000008077d708,0x0000000084300000)
 Metaspace       used 20695K, committed 21504K, reserved 1114112K
  class space    used 2200K, committed 2560K, reserved 1048576K
}
Event: 5.948 GC heap after
{Heap after GC invocations=7 (full 0):
 PSYoungGen      total 29184K, used 4447K [0x00000000d5580000, 0x00000000d7780000, 0x0000000100000000)
  eden space 24576K, 0% used [0x00000000d5580000,0x00000000d5580000,0x00000000d6d80000)
  from space 4608K, 96% used [0x00000000d6d80000,0x00000000d71d7db0,0x00000000d7200000)
  to   space 5120K, 0% used [0x00000000d7280000,0x00000000d7280000,0x00000000d7780000)
 ParOldGen       total 68608K, used 9210K [0x0000000080000000, 0x0000000084300000, 0x00000000d5580000)
  object space 68608K, 13% used [0x0000000080000000,0x00000000808fe9e8,0x0000000084300000)
 Metaspace       used 20695K, committed 21504K, reserved 1114112K
  class space    used 2200K, committed 2560K, reserved 1048576K
}
Event: 5.948 GC heap before
{Heap before GC invocations=8 (full 1):
 PSYoungGen      total 29184K, used 4447K [0x00000000d5580000, 0x00000000d7780000, 0x0000000100000000)
  eden space 24576K, 0% used [0x00000000d5580000,0x00000000d5580000,0x00000000d6d80000)
  from space 4608K, 96% used [0x00000000d6d80000,0x00000000d71d7db0,0x00000000d7200000)
  to   space 5120K, 0% used [0x00000000d7280000,0x00000000d7280000,0x00000000d7780000)
 ParOldGen       total 68608K, used 9210K [0x0000000080000000, 0x0000000084300000, 0x00000000d5580000)
  object space 68608K, 13% used [0x0000000080000000,0x00000000808fe9e8,0x0000000084300000)
 Metaspace       used 20695K, committed 21504K, reserved 1114112K
  class space    used 2200K, committed 2560K, reserved 1048576K
}
Event: 5.977 GC heap after
{Heap after GC invocations=8 (full 1):
 PSYoungGen      total 29184K, used 0K [0x00000000d5580000, 0x00000000d7780000, 0x0000000100000000)
  eden space 24576K, 0% used [0x00000000d5580000,0x00000000d5580000,0x00000000d6d80000)
  from space 4608K, 0% used [0x00000000d6d80000,0x00000000d6d80000,0x00000000d7200000)
  to   space 5120K, 0% used [0x00000000d7280000,0x00000000d7280000,0x00000000d7780000)
 ParOldGen       total 68608K, used 13090K [0x0000000080000000, 0x0000000084300000, 0x00000000d5580000)
  object space 68608K, 19% used [0x0000000080000000,0x0000000080cc8a98,0x0000000084300000)
 Metaspace       used 20682K, committed 21504K, reserved 1114112K
  class space    used 2196K, committed 2560K, reserved 1048576K
}
Event: 6.232 GC heap before
{Heap before GC invocations=9 (full 1):
 PSYoungGen      total 29184K, used 24576K [0x00000000d5580000, 0x00000000d7780000, 0x0000000100000000)
  eden space 24576K, 100% used [0x00000000d5580000,0x00000000d6d80000,0x00000000d6d80000)
  from space 4608K, 0% used [0x00000000d6d80000,0x00000000d6d80000,0x00000000d7200000)
  to   space 5120K, 0% used [0x00000000d7280000,0x00000000d7280000,0x00000000d7780000)
 ParOldGen       total 68608K, used 13090K [0x0000000080000000, 0x0000000084300000, 0x00000000d5580000)
  object space 68608K, 19% used [0x0000000080000000,0x0000000080cc8a98,0x0000000084300000)
 Metaspace       used 22554K, committed 23488K, reserved 1114112K
  class space    used 2362K, committed 2752K, reserved 1048576K
}
Event: 6.234 GC heap after
{Heap after GC invocations=9 (full 1):
 PSYoungGen      total 27648K, used 3502K [0x00000000d5580000, 0x00000000d7600000, 0x0000000100000000)
  eden space 24064K, 0% used [0x00000000d5580000,0x00000000d5580000,0x00000000d6d00000)
  from space 3584K, 97% used [0x00000000d7280000,0x00000000d75eb858,0x00000000d7600000)
  to   space 4096K, 0% used [0x00000000d6e00000,0x00000000d6e00000,0x00000000d7200000)
 ParOldGen       total 68608K, used 13098K [0x0000000080000000, 0x0000000084300000, 0x00000000d5580000)
  object space 68608K, 19% used [0x0000000080000000,0x0000000080ccaa98,0x0000000084300000)
 Metaspace       used 22554K, committed 23488K, reserved 1114112K
  class space    used 2362K, committed 2752K, reserved 1048576K
}
Event: 6.538 GC heap before
{Heap before GC invocations=10 (full 1):
 PSYoungGen      total 27648K, used 27566K [0x00000000d5580000, 0x00000000d7600000, 0x0000000100000000)
  eden space 24064K, 100% used [0x00000000d5580000,0x00000000d6d00000,0x00000000d6d00000)
  from space 3584K, 97% used [0x00000000d7280000,0x00000000d75eb858,0x00000000d7600000)
  to   space 4096K, 0% used [0x00000000d6e00000,0x00000000d6e00000,0x00000000d7200000)
 ParOldGen       total 68608K, used 13098K [0x0000000080000000, 0x0000000084300000, 0x00000000d5580000)
  object space 68608K, 19% used [0x0000000080000000,0x0000000080ccaa98,0x0000000084300000)
 Metaspace       used 26322K, committed 27200K, reserved 1114112K
  class space    used 2636K, committed 3008K, reserved 1048576K
}
Event: 6.540 GC heap after
{Heap after GC invocations=10 (full 1):
 PSYoungGen      total 25600K, used 1812K [0x00000000d5580000, 0x00000000d7300000, 0x0000000100000000)
  eden space 23552K, 0% used [0x00000000d5580000,0x00000000d5580000,0x00000000d6c80000)
  from space 2048K, 88% used [0x00000000d6e00000,0x00000000d6fc5378,0x00000000d7000000)
  to   space 2560K, 0% used [0x00000000d7080000,0x00000000d7080000,0x00000000d7300000)
 ParOldGen       total 68608K, used 13106K [0x0000000080000000, 0x0000000084300000, 0x00000000d5580000)
  object space 68608K, 19% used [0x0000000080000000,0x0000000080ccca98,0x0000000084300000)
 Metaspace       used 26322K, committed 27200K, reserved 1114112K
  class space    used 2636K, committed 3008K, reserved 1048576K
}
Event: 7.214 GC heap before
{Heap before GC invocations=11 (full 1):
 PSYoungGen      total 25600K, used 25364K [0x00000000d5580000, 0x00000000d7300000, 0x0000000100000000)
  eden space 23552K, 100% used [0x00000000d5580000,0x00000000d6c80000,0x00000000d6c80000)
  from space 2048K, 88% used [0x00000000d6e00000,0x00000000d6fc5378,0x00000000d7000000)
  to   space 2560K, 0% used [0x00000000d7080000,0x00000000d7080000,0x00000000d7300000)
 ParOldGen       total 68608K, used 13106K [0x0000000080000000, 0x0000000084300000, 0x00000000d5580000)
  object space 68608K, 19% used [0x0000000080000000,0x0000000080ccca98,0x0000000084300000)
 Metaspace       used 27708K, committed 28736K, reserved 1114112K
  class space    used 2736K, committed 3136K, reserved 1048576K
}
Event: 7.218 GC heap after
{Heap after GC invocations=11 (full 1):
 PSYoungGen      total 25600K, used 2299K [0x00000000d5580000, 0x00000000d7300000, 0x0000000100000000)
  eden space 23040K, 0% used [0x00000000d5580000,0x00000000d5580000,0x00000000d6c00000)
  from space 2560K, 89% used [0x00000000d7080000,0x00000000d72beda0,0x00000000d7300000)
  to   space 2560K, 0% used [0x00000000d6e00000,0x00000000d6e00000,0x00000000d7080000)
 ParOldGen       total 68608K, used 15029K [0x0000000080000000, 0x0000000084300000, 0x00000000d5580000)
  object space 68608K, 21% used [0x0000000080000000,0x0000000080ead5a8,0x0000000084300000)
 Metaspace       used 27708K, committed 28736K, reserved 1114112K
  class space    used 2736K, committed 3136K, reserved 1048576K
}

Dll operation events (10 events):
Event: 0.024 Loaded shared library c:\Users\29080\.cursor\extensions\redhat.java-1.53.0-win32-x64\jre\21.0.10-win32-x86_64\bin\java.dll
Event: 0.066 Loaded shared library c:\Users\29080\.cursor\extensions\redhat.java-1.53.0-win32-x64\jre\21.0.10-win32-x86_64\bin\zip.dll
Event: 0.135 Loaded shared library C:\Users\29080\.cursor\extensions\redhat.java-1.53.0-win32-x64\jre\21.0.10-win32-x86_64\bin\instrument.dll
Event: 0.142 Loaded shared library C:\Users\29080\.cursor\extensions\redhat.java-1.53.0-win32-x64\jre\21.0.10-win32-x86_64\bin\net.dll
Event: 0.147 Loaded shared library C:\Users\29080\.cursor\extensions\redhat.java-1.53.0-win32-x64\jre\21.0.10-win32-x86_64\bin\nio.dll
Event: 0.152 Loaded shared library C:\Users\29080\.cursor\extensions\redhat.java-1.53.0-win32-x64\jre\21.0.10-win32-x86_64\bin\zip.dll
Event: 0.171 Loaded shared library C:\Users\29080\.cursor\extensions\redhat.java-1.53.0-win32-x64\jre\21.0.10-win32-x86_64\bin\jimage.dll
Event: 0.275 Loaded shared library c:\Users\29080\.cursor\extensions\redhat.java-1.53.0-win32-x64\jre\21.0.10-win32-x86_64\bin\verify.dll
Event: 2.624 Loaded shared library C:\Users\29080\AppData\Roaming\Cursor\User\globalStorage\redhat.java\1.53.0\config_win\org.eclipse.equinox.launcher\org.eclipse.equinox.launcher.win32.win32.x86_64_1.3.0.v20260203-2149\eclipse_11919.dll
Event: 5.252 Loaded shared library C:\Users\29080\AppData\Local\Temp\jna-47922049\jna7995266327461172881.dll

Deoptimization events (20 events):
Event: 12.556 Thread 0x000001af722583f0 Uncommon trap: trap_request=0xffffff45 fr.pc=0x000001af1d2d0190 relative=0x00000000000001f0
Event: 12.556 Thread 0x000001af722583f0 Uncommon trap: reason=unstable_if action=reinterpret pc=0x000001af1d2d0190 method=java.lang.String.isLatin1()Z @ 10 c2
Event: 12.556 Thread 0x000001af722583f0 DEOPT PACKING pc=0x000001af1d2d0190 sp=0x0000009d90ffdca0
Event: 12.556 Thread 0x000001af722583f0 DEOPT UNPACKING pc=0x000001af1cbb3aa2 sp=0x0000009d90ffdbf0 mode 2
Event: 12.556 Thread 0x000001af722583f0 Uncommon trap: trap_request=0xffffffc6 fr.pc=0x000001af1d36f1a4 relative=0x0000000000000a24
Event: 12.556 Thread 0x000001af722583f0 Uncommon trap: reason=bimorphic_or_optimized_type_check action=maybe_recompile pc=0x000001af1d36f1a4 method=java.util.HashMap.putVal(ILjava/lang/Object;Ljava/lang/Object;ZZ)Ljava/lang/Object; @ 56 c2
Event: 12.556 Thread 0x000001af722583f0 DEOPT PACKING pc=0x000001af1d36f1a4 sp=0x0000009d90ffdbb0
Event: 12.556 Thread 0x000001af722583f0 DEOPT UNPACKING pc=0x000001af1cbb3aa2 sp=0x0000009d90ffdb18 mode 2
Event: 12.556 Thread 0x000001af722583f0 Uncommon trap: trap_request=0xffffffc6 fr.pc=0x000001af1d36f1a4 relative=0x0000000000000a24
Event: 12.556 Thread 0x000001af722583f0 Uncommon trap: reason=bimorphic_or_optimized_type_check action=maybe_recompile pc=0x000001af1d36f1a4 method=java.util.HashMap.putVal(ILjava/lang/Object;Ljava/lang/Object;ZZ)Ljava/lang/Object; @ 56 c2
Event: 12.556 Thread 0x000001af722583f0 DEOPT PACKING pc=0x000001af1d36f1a4 sp=0x0000009d90ffdbb0
Event: 12.556 Thread 0x000001af722583f0 DEOPT UNPACKING pc=0x000001af1cbb3aa2 sp=0x0000009d90ffdb18 mode 2
Event: 12.556 Thread 0x000001af722583f0 Uncommon trap: trap_request=0xffffffc6 fr.pc=0x000001af1d36f214 relative=0x0000000000000a94
Event: 12.556 Thread 0x000001af722583f0 Uncommon trap: reason=bimorphic_or_optimized_type_check action=maybe_recompile pc=0x000001af1d36f214 method=java.util.HashMap.putVal(ILjava/lang/Object;Ljava/lang/Object;ZZ)Ljava/lang/Object; @ 152 c2
Event: 12.556 Thread 0x000001af722583f0 DEOPT PACKING pc=0x000001af1d36f214 sp=0x0000009d90ffdbb0
Event: 12.556 Thread 0x000001af722583f0 DEOPT UNPACKING pc=0x000001af1cbb3aa2 sp=0x0000009d90ffdb20 mode 2
Event: 12.556 Thread 0x000001af722583f0 Uncommon trap: trap_request=0xffffffc6 fr.pc=0x000001af1d36f1a4 relative=0x0000000000000a24
Event: 12.556 Thread 0x000001af722583f0 Uncommon trap: reason=bimorphic_or_optimized_type_check action=maybe_recompile pc=0x000001af1d36f1a4 method=java.util.HashMap.putVal(ILjava/lang/Object;Ljava/lang/Object;ZZ)Ljava/lang/Object; @ 56 c2
Event: 12.556 Thread 0x000001af722583f0 DEOPT PACKING pc=0x000001af1d36f1a4 sp=0x0000009d90ffdbb0
Event: 12.556 Thread 0x000001af722583f0 DEOPT UNPACKING pc=0x000001af1cbb3aa2 sp=0x0000009d90ffdb18 mode 2

Classes loaded (20 events):
Event: 12.556 Loading class java/lang/ProcessEnvironment$EntryComparator
Event: 12.556 Loading class java/lang/ProcessEnvironment$EntryComparator done
Event: 12.557 Loading class java/lang/ProcessEnvironment$CheckedEntrySet
Event: 12.557 Loading class java/lang/ProcessEnvironment$CheckedEntrySet done
Event: 12.558 Loading class java/lang/ProcessEnvironment$CheckedEntrySet$1
Event: 12.558 Loading class java/lang/ProcessEnvironment$CheckedEntrySet$1 done
Event: 12.558 Loading class java/lang/ProcessEnvironment$CheckedEntry
Event: 12.558 Loading class java/lang/ProcessEnvironment$CheckedEntry done
Event: 12.572 Loading class java/util/UUID$Holder
Event: 12.572 Loading class java/util/UUID$Holder done
Event: 12.588 Loading class java/util/DualPivotQuicksort
Event: 12.588 Loading class java/util/DualPivotQuicksort done
Event: 12.594 Loading class java/lang/Character$UnicodeBlock
Event: 12.595 Loading class java/lang/Character$Subset
Event: 12.595 Loading class java/lang/Character$Subset done
Event: 12.595 Loading class java/lang/Character$UnicodeBlock done
Event: 13.620 Loading class java/lang/StringIndexOutOfBoundsException
Event: 13.621 Loading class java/lang/StringIndexOutOfBoundsException done
Event: 13.623 Loading class sun/nio/fs/WindowsPath$1
Event: 13.623 Loading class sun/nio/fs/WindowsPath$1 done

Classes unloaded (7 events):
Event: 5.952 Thread 0x000001af295d4150 Unloading class 0x000001af2b1aa800 'java/lang/invoke/LambdaForm$MH+0x000001af2b1aa800'
Event: 5.952 Thread 0x000001af295d4150 Unloading class 0x000001af2b1aa400 'java/lang/invoke/LambdaForm$MH+0x000001af2b1aa400'
Event: 5.952 Thread 0x000001af295d4150 Unloading class 0x000001af2b1aa000 'java/lang/invoke/LambdaForm$MH+0x000001af2b1aa000'
Event: 5.952 Thread 0x000001af295d4150 Unloading class 0x000001af2b1a9c00 'java/lang/invoke/LambdaForm$MH+0x000001af2b1a9c00'
Event: 5.952 Thread 0x000001af295d4150 Unloading class 0x000001af2b1a9800 'java/lang/invoke/LambdaForm$BMH+0x000001af2b1a9800'
Event: 5.952 Thread 0x000001af295d4150 Unloading class 0x000001af2b1a9400 'java/lang/invoke/LambdaForm$DMH+0x000001af2b1a9400'
Event: 5.952 Thread 0x000001af295d4150 Unloading class 0x000001af2b1a8400 'java/lang/invoke/LambdaForm$DMH+0x000001af2b1a8400'

Classes redefined (0 events):
No events

Internal exceptions (20 events):
Event: 5.935 Thread 0x000001af722583f0 Exception <a 'java/lang/NoSuchMethodError'{0x00000000d689e098}: 'int java.lang.invoke.DirectMethodHandle$Holder.invokeStaticInit(java.lang.Object, float, float)'> (0x00000000d689e098) 
thrown [s\src\hotspot\share\interpreter\linkResolver.cpp, line 773]
Event: 5.935 Thread 0x000001af722583f0 Exception <a 'java/lang/NoSuchMethodError'{0x00000000d68a5a48}: 'int java.lang.invoke.DirectMethodHandle$Holder.invokeStaticInit(java.lang.Object, double, double)'> (0x00000000d68a5a48) 
thrown [s\src\hotspot\share\interpreter\linkResolver.cpp, line 773]
Event: 5.936 Thread 0x000001af722583f0 Exception <a 'java/lang/NoSuchMethodError'{0x00000000d68aae60}: 'int java.lang.invoke.DirectMethodHandle$Holder.invokeStatic(java.lang.Object, long)'> (0x00000000d68aae60) 
thrown [s\src\hotspot\share\interpreter\linkResolver.cpp, line 773]
Event: 5.939 Thread 0x000001af722583f0 Exception <a 'java/lang/NoSuchMethodError'{0x00000000d68c9d88}: 'int java.lang.invoke.Invokers$Holder.linkToTargetMethod(java.lang.Object, java.lang.Object)'> (0x00000000d68c9d88) 
thrown [s\src\hotspot\share\interpreter\linkResolver.cpp, line 773]
Event: 6.003 Thread 0x000001af722583f0 Exception <a 'java/lang/NoSuchMethodError'{0x00000000d56a4538}: 'java.lang.Object java.lang.invoke.Invokers$Holder.invoke_MT(java.lang.Object, java.lang.Object, java.lang.Object, java.lang.Object, java.lang.Object, java.lang.Object, java.lang.Object, java.lang.Object, java.lang.Object, java.lang.Object, java.lang.Object)'> (0x00000000d56a4538) 
thrown [s\src\hotspot\share\interpreter\linkResolver.cpp, line 773]
Event: 6.018 Thread 0x000001af722583f0 Exception <a 'java/lang/NoSuchMethodError'{0x00000000d57311b8}: 'java.lang.Object java.lang.invoke.Invokers$Holder.invoke_MT(java.lang.Object, java.lang.Object, java.lang.Object, java.lang.Object, java.lang.Object, java.lang.Object, java.lang.Object, java.lang.Object, java.lang.Object, java.lang.Object)'> (0x00000000d57311b8) 
thrown [s\src\hotspot\share\interpreter\linkResolver.cpp, line 773]
Event: 6.030 Thread 0x000001af722583f0 Exception <a 'java/lang/NoSuchMethodError'{0x00000000d57f73e8}: 'java.lang.Object java.lang.invoke.DirectMethodHandle$Holder.newInvokeSpecial(java.lang.Object, java.lang.Object, java.lang.Object, java.lang.Object, java.lang.Object, java.lang.Object, java.lang.Object)'> (0x00000000d57f73e8) 
thrown [s\src\hotspot\share\interpreter\linkResolver.cpp, line 773]
Event: 6.040 Thread 0x000001af722583f0 Exception <a 'java/lang/NoSuchMethodError'{0x00000000d586ef28}: 'java.lang.Object java.lang.invoke.Invokers$Holder.invoker(java.lang.Object, java.lang.Object, java.lang.Object, java.lang.Object, java.lang.Object, java.lang.Object, java.lang.Object, java.lang.Object, java.lang.Object, java.lang.Object, java.lang.Object, java.lang.Object, java.lang.Object)'> (0x00000000d586ef28) 
thrown [s\src\hotspot\share\interpreter\linkResolver.cpp, line 773]
Event: 6.041 Thread 0x000001af722583f0 Exception <a 'java/lang/NoSuchMethodError'{0x00000000d58793c0}: 'java.lang.Object java.lang.invoke.DelegatingMethodHandle$Holder.delegate(java.lang.Object, java.lang.Object, java.lang.Object, java.lang.Object, java.lang.Object, java.lang.Object, java.lang.Object, java.lang.Object, java.lang.Object, java.lang.Object, java.lang.Object, java.lang.Object, java.lang.Object)'> (0x00000000d58793c0) 
thrown [s\src\hotspot\share\interpreter\linkResolver.cpp, line 773]
Event: 6.048 Thread 0x000001af722583f0 Exception <a 'java/lang/NoSuchMethodError'{0x00000000d58e51e8}: static Lorg/eclipse/m2e/core/internal/lifecyclemapping/model/PluginExecutionMetadata;.<clinit>()V> (0x00000000d58e51e8) 
thrown [s\src\hotspot\share\prims\jni.cpp, line 1111]
Event: 6.055 Thread 0x000001af722583f0 Exception <a 'java/lang/NoSuchMethodError'{0x00000000d5945228}: static Lorg/eclipse/m2e/core/internal/lifecyclemapping/model/PluginExecutionFilter;.<clinit>()V> (0x00000000d5945228) 
thrown [s\src\hotspot\share\prims\jni.cpp, line 1111]
Event: 6.058 Thread 0x000001af722583f0 Exception <a 'java/lang/NoSuchMethodError'{0x00000000d59814f0}: static Lorg/eclipse/m2e/core/internal/project/registry/MavenProjectFacade$MavenProjectConfiguration;.<clinit>()V> (0x00000000d59814f0) 
thrown [s\src\hotspot\share\prims\jni.cpp, line 1111]
Event: 6.133 Thread 0x000001af722583f0 Exception <a 'java/lang/NoSuchMethodError'{0x00000000d5e09d50}: 'double java.lang.invoke.DirectMethodHandle$Holder.invokeStatic(java.lang.Object, java.lang.Object)'> (0x00000000d5e09d50) 
thrown [s\src\hotspot\share\interpreter\linkResolver.cpp, line 773]
Event: 6.133 Thread 0x000001af722583f0 Exception <a 'java/lang/NoSuchMethodError'{0x00000000d5e0d410}: 'double java.lang.invoke.DirectMethodHandle$Holder.invokeStaticInit(java.lang.Object, java.lang.Object)'> (0x00000000d5e0d410) 
thrown [s\src\hotspot\share\interpreter\linkResolver.cpp, line 773]
Event: 6.478 Thread 0x000001af722583f0 Implicit null exception at 0x000001af1d486575 to 0x000001af1d486650
Event: 6.637 Thread 0x000001af722583f0 Exception <a 'java/lang/NoSuchMethodError'{0x00000000d63f79a8}: 'java.lang.Object java.lang.invoke.DirectMethodHandle$Holder.newInvokeSpecial(java.lang.Object, int, java.lang.Object, java.lang.Object)'> (0x00000000d63f79a8) 
thrown [s\src\hotspot\share\interpreter\linkResolver.cpp, line 773]
Event: 7.265 Thread 0x000001af72bfe9b0 Exception <a 'java/lang/NoSuchMethodError'{0x00000000d57840d0}: 'java.lang.Object java.lang.invoke.DirectMethodHandle$Holder.invokeSpecialIFC(java.lang.Object, java.lang.Object, java.lang.Object, java.lang.Object)'> (0x00000000d57840d0) 
thrown [s\src\hotspot\share\interpreter\linkResolver.cpp, line 773]
Event: 7.304 Thread 0x000001af722583f0 Exception <a 'java/lang/ClassNotFoundException'{0x00000000d5890860}: com/sun/org/apache/xerces/internal/impl/msg/spi/DOMMessagesProvider> (0x00000000d5890860) 
thrown [s\src\hotspot\share\classfile\systemDictionary.cpp, line 312]
Event: 7.313 Thread 0x000001af722583f0 Exception <a 'java/lang/ClassNotFoundException'{0x00000000d58b3300}: com/sun/org/apache/xerces/internal/impl/msg/spi/XMLSerializerMessagesProvider> (0x00000000d58b3300) 
thrown [s\src\hotspot\share\classfile\systemDictionary.cpp, line 312]
Event: 7.317 Thread 0x000001af722583f0 Exception <a 'java/lang/ClassNotFoundException'{0x00000000d58cd390}: com/sun/org/apache/xerces/internal/impl/msg/spi/XMLMessagesProvider> (0x00000000d58cd390) 
thrown [s\src\hotspot\share\classfile\systemDictionary.cpp, line 312]

ZGC Phase Switch (0 events):
No events

VM Operations (20 events):
Event: 6.232 Executing safepoint VM operation: ParallelGCFailedAllocation (Allocation Failure)
Event: 6.234 Executing safepoint VM operation: ParallelGCFailedAllocation (Allocation Failure) done
Event: 6.538 Executing safepoint VM operation: ParallelGCFailedAllocation (Allocation Failure)
Event: 6.541 Executing safepoint VM operation: ParallelGCFailedAllocation (Allocation Failure) done
Event: 7.158 Executing non-safepoint VM operation: HandshakeAllThreads (Deoptimize)
Event: 7.158 Executing non-safepoint VM operation: HandshakeAllThreads (Deoptimize) done
Event: 7.214 Executing safepoint VM operation: ParallelGCFailedAllocation (Allocation Failure)
Event: 7.218 Executing safepoint VM operation: ParallelGCFailedAllocation (Allocation Failure) done
Event: 8.224 Executing safepoint VM operation: Cleanup
Event: 8.475 Executing safepoint VM operation: Cleanup done
Event: 9.483 Executing safepoint VM operation: Cleanup
Event: 9.483 Executing safepoint VM operation: Cleanup done
Event: 10.491 Executing safepoint VM operation: Cleanup
Event: 12.539 Executing safepoint VM operation: Cleanup done
Event: 12.555 Executing non-safepoint VM operation: HandshakeAllThreads (Deoptimize)
Event: 12.555 Executing non-safepoint VM operation: HandshakeAllThreads (Deoptimize) done
Event: 13.565 Executing safepoint VM operation: Cleanup
Event: 13.565 Executing safepoint VM operation: Cleanup done
Event: 14.575 Executing safepoint VM operation: Cleanup
Event: 14.575 Executing safepoint VM operation: Cleanup done

Memory protections (0 events):
No events

Nmethod flushes (0 events):
No events

Events (20 events):
Event: 3.385 Thread 0x000001af722583f0 Thread added: 0x000001af72ce6910
Event: 3.457 Thread 0x000001af72027220 Thread exited: 0x000001af72027220
Event: 3.495 Thread 0x000001af6d86f320 Thread exited: 0x000001af6d86f320
Event: 4.081 Thread 0x000001af722583f0 Thread added: 0x000001af729f75e0
Event: 4.318 Thread 0x000001af6bb55310 Thread added: 0x000001af729fe290
Event: 4.318 Thread 0x000001af6bb55310 Thread added: 0x000001af729fbfb0
Event: 4.319 Thread 0x000001af6bb55310 Thread added: 0x000001af72ae8850
Event: 4.319 Thread 0x000001af6bb55310 Thread added: 0x000001af729fc660
Event: 4.536 Thread 0x000001af729fc660 Thread exited: 0x000001af729fc660
Event: 4.633 Thread 0x000001af72ae8850 Thread exited: 0x000001af72ae8850
Event: 4.758 Thread 0x000001af722583f0 Thread added: 0x000001af7293d360
Event: 4.834 Thread 0x000001af729fbfb0 Thread exited: 0x000001af729fbfb0
Event: 5.286 Thread 0x000001af722583f0 Thread added: 0x000001af72bfe320
Event: 5.335 Thread 0x000001af722583f0 Thread added: 0x000001af72bffd60
Event: 5.364 Thread 0x000001af722583f0 Thread added: 0x000001af72bfe9b0
Event: 6.222 Thread 0x000001af729fe290 Thread added: 0x000001af7339c980
Event: 7.440 Thread 0x000001af6bc4bcf0 Thread added: 0x000001af733a0000
Event: 8.478 Thread 0x000001af722583f0 Thread added: 0x000001af72c00a80
Event: 8.478 Thread 0x000001af72bffd60 Thread added: 0x000001af72c003f0
Event: 13.534 Thread 0x000001af6bc4e130 Thread exited: 0x000001af6bc4e130


Dynamic libraries:
0x00007ff6f1d50000 - 0x00007ff6f1d5e000 	c:\Users\29080\.cursor\extensions\redhat.java-1.53.0-win32-x64\jre\21.0.10-win32-x86_64\bin\java.exe
0x00007ff96a000000 - 0x00007ff96a267000 	C:\WINDOWS\SYSTEM32\ntdll.dll
0x00007ff969e40000 - 0x00007ff969f09000 	C:\WINDOWS\System32\KERNEL32.DLL
0x00007ff967570000 - 0x00007ff967961000 	C:\WINDOWS\System32\KERNELBASE.dll
0x00007ff9632c0000 - 0x00007ff96335f000 	C:\WINDOWS\SYSTEM32\apphelp.dll
0x00007ff967a30000 - 0x00007ff967b7b000 	C:\WINDOWS\System32\ucrtbase.dll
0x00007ff9417e0000 - 0x00007ff9417fe000 	c:\Users\29080\.cursor\extensions\redhat.java-1.53.0-win32-x64\jre\21.0.10-win32-x86_64\bin\VCRUNTIME140.dll
0x00007ff941c50000 - 0x00007ff941c68000 	c:\Users\29080\.cursor\extensions\redhat.java-1.53.0-win32-x64\jre\21.0.10-win32-x86_64\bin\jli.dll
0x00007ff969b20000 - 0x00007ff969ce5000 	C:\WINDOWS\System32\USER32.dll
0x00007ff967a00000 - 0x00007ff967a27000 	C:\WINDOWS\System32\win32u.dll
0x00007ff969160000 - 0x00007ff96918b000 	C:\WINDOWS\System32\GDI32.dll
0x00007ff9659e0000 - 0x00007ff965c73000 	C:\WINDOWS\WinSxS\amd64_microsoft.windows.common-controls_6595b64144ccf1df_6.0.26100.8037_none_3e092faae333b53b\COMCTL32.dll
0x00007ff9672d0000 - 0x00007ff9673fb000 	C:\WINDOWS\System32\gdi32full.dll
0x00007ff968b10000 - 0x00007ff968bb9000 	C:\WINDOWS\System32\msvcrt.dll
0x00007ff967b80000 - 0x00007ff967c23000 	C:\WINDOWS\System32\msvcp_win.dll
0x00007ff968c90000 - 0x00007ff968cc1000 	C:\WINDOWS\System32\IMM32.DLL
0x00007ff948780000 - 0x00007ff94878c000 	c:\Users\29080\.cursor\extensions\redhat.java-1.53.0-win32-x64\jre\21.0.10-win32-x86_64\bin\vcruntime140_1.dll
0x00007ff9396c0000 - 0x00007ff93974d000 	c:\Users\29080\.cursor\extensions\redhat.java-1.53.0-win32-x64\jre\21.0.10-win32-x86_64\bin\msvcp140.dll
0x00007ff8d3fd0000 - 0x00007ff8d4d71000 	c:\Users\29080\.cursor\extensions\redhat.java-1.53.0-win32-x64\jre\21.0.10-win32-x86_64\bin\server\jvm.dll
0x00007ff968210000 - 0x00007ff9682cb000 	C:\WINDOWS\System32\ADVAPI32.dll
0x00007ff969f10000 - 0x00007ff969fb7000 	C:\WINDOWS\System32\sechost.dll
0x00007ff969d20000 - 0x00007ff969e38000 	C:\WINDOWS\System32\RPCRT4.dll
0x00007ff969a00000 - 0x00007ff969a74000 	C:\WINDOWS\System32\WS2_32.dll
0x00007ff966740000 - 0x00007ff96679e000 	C:\WINDOWS\SYSTEM32\POWRPROF.dll
0x00007ff95db20000 - 0x00007ff95db55000 	C:\WINDOWS\SYSTEM32\WINMM.dll
0x00007ff95db60000 - 0x00007ff95db6b000 	C:\WINDOWS\SYSTEM32\VERSION.dll
0x00007ff966720000 - 0x00007ff966734000 	C:\WINDOWS\SYSTEM32\UMPDC.dll
0x00007ff964d40000 - 0x00007ff964d5b000 	C:\WINDOWS\SYSTEM32\kernel.appcore.dll
0x00007ff948690000 - 0x00007ff94869a000 	c:\Users\29080\.cursor\extensions\redhat.java-1.53.0-win32-x64\jre\21.0.10-win32-x86_64\bin\jimage.dll
0x00007ff9660b0000 - 0x00007ff9662f2000 	C:\WINDOWS\SYSTEM32\DBGHELP.DLL
0x00007ff969270000 - 0x00007ff9695f2000 	C:\WINDOWS\System32\combase.dll
0x00007ff969190000 - 0x00007ff969267000 	C:\WINDOWS\System32\OLEAUT32.dll
0x00007ff965f80000 - 0x00007ff965fbb000 	C:\WINDOWS\SYSTEM32\dbgcore.DLL
0x00007ff967400000 - 0x00007ff9674a5000 	C:\WINDOWS\System32\bcryptPrimitives.dll
0x00007ff9485e0000 - 0x00007ff9485ef000 	c:\Users\29080\.cursor\extensions\redhat.java-1.53.0-win32-x64\jre\21.0.10-win32-x86_64\bin\instrument.dll
0x00007ff941770000 - 0x00007ff941790000 	c:\Users\29080\.cursor\extensions\redhat.java-1.53.0-win32-x64\jre\21.0.10-win32-x86_64\bin\java.dll
0x00007ff968350000 - 0x00007ff968aaf000 	C:\WINDOWS\System32\SHELL32.dll
0x00007ff967c30000 - 0x00007ff967d9a000 	C:\WINDOWS\System32\wintypes.dll
0x00007ff966a60000 - 0x00007ff9672c4000 	C:\WINDOWS\System32\windows.storage.dll
0x00007ff967da0000 - 0x00007ff967e97000 	C:\WINDOWS\System32\SHCORE.dll
0x00007ff968c20000 - 0x00007ff968c87000 	C:\WINDOWS\System32\shlwapi.dll
0x00007ff966800000 - 0x00007ff966829000 	C:\WINDOWS\SYSTEM32\profapi.dll
0x00007ff941030000 - 0x00007ff941048000 	c:\Users\29080\.cursor\extensions\redhat.java-1.53.0-win32-x64\jre\21.0.10-win32-x86_64\bin\zip.dll
0x00007ff947d60000 - 0x00007ff947d70000 	C:\Users\29080\.cursor\extensions\redhat.java-1.53.0-win32-x64\jre\21.0.10-win32-x86_64\bin\net.dll
0x00007ff95e9e0000 - 0x00007ff95eb07000 	C:\WINDOWS\SYSTEM32\WINHTTP.dll
0x00007ff965270000 - 0x00007ff9652db000 	C:\WINDOWS\system32\mswsock.dll
0x00007ff940890000 - 0x00007ff9408a6000 	C:\Users\29080\.cursor\extensions\redhat.java-1.53.0-win32-x64\jre\21.0.10-win32-x86_64\bin\nio.dll
0x00007ff9478f0000 - 0x00007ff947900000 	c:\Users\29080\.cursor\extensions\redhat.java-1.53.0-win32-x64\jre\21.0.10-win32-x86_64\bin\verify.dll
0x00007ff939280000 - 0x00007ff9392c5000 	C:\Users\29080\AppData\Roaming\Cursor\User\globalStorage\redhat.java\1.53.0\config_win\org.eclipse.equinox.launcher\org.eclipse.equinox.launcher.win32.win32.x86_64_1.3.0.v20260203-2149\eclipse_11919.dll
0x00007ff969600000 - 0x00007ff969795000 	C:\WINDOWS\System32\ole32.dll
0x00007ff966400000 - 0x00007ff96641b000 	C:\WINDOWS\SYSTEM32\CRYPTSP.dll
0x00007ff9653b0000 - 0x00007ff9653e9000 	C:\WINDOWS\system32\rsaenh.dll
0x00007ff965320000 - 0x00007ff965352000 	C:\WINDOWS\SYSTEM32\USERENV.dll
0x00007ff9667d0000 - 0x00007ff9667fa000 	C:\WINDOWS\SYSTEM32\bcrypt.dll
0x00007ff965890000 - 0x00007ff96589c000 	C:\WINDOWS\SYSTEM32\CRYPTBASE.dll
0x00007ff9647e0000 - 0x00007ff964813000 	C:\WINDOWS\SYSTEM32\IPHLPAPI.DLL
0x00007ff968080000 - 0x00007ff96808a000 	C:\WINDOWS\System32\NSI.dll
0x00007ff908540000 - 0x00007ff908589000 	C:\Users\29080\AppData\Local\Temp\jna-47922049\jna7995266327461172881.dll
0x00007ff9697a0000 - 0x00007ff9697a8000 	C:\WINDOWS\System32\PSAPI.DLL

JVMTI agents:
c:\Users\29080\.cursor\extensions\redhat.java-1.53.0-win32-x64\lombok\lombok-1.18.39-4050.jar path:c:\Users\29080\.cursor\extensions\redhat.java-1.53.0-win32-x64\jre\21.0.10-win32-x86_64\bin\instrument.dll, loaded, initialized, instrumentlib options:none

dbghelp: loaded successfully - version: 4.0.5 - missing functions: none
symbol engine: initialized successfully - sym options: 0x614 - pdb path: .;c:\Users\29080\.cursor\extensions\redhat.java-1.53.0-win32-x64\jre\21.0.10-win32-x86_64\bin;C:\WINDOWS\SYSTEM32;C:\WINDOWS\WinSxS\amd64_microsoft.windows.common-controls_6595b64144ccf1df_6.0.26100.8037_none_3e092faae333b53b;c:\Users\29080\.cursor\extensions\redhat.java-1.53.0-win32-x64\jre\21.0.10-win32-x86_64\bin\server;C:\Users\29080\AppData\Roaming\Cursor\User\globalStorage\redhat.java\1.53.0\config_win\org.eclipse.equinox.launcher\org.eclipse.equinox.launcher.win32.win32.x86_64_1.3.0.v20260203-2149;C:\Users\29080\AppData\Local\Temp\jna-47922049

VM Arguments:
jvm_args: --add-modules=ALL-SYSTEM --add-opens=java.base/java.util=ALL-UNNAMED --add-opens=java.base/java.lang=ALL-UNNAMED --add-opens=java.base/sun.nio.fs=ALL-UNNAMED -Declipse.application=org.eclipse.jdt.ls.core.id1 -Dosgi.bundles.defaultStartLevel=4 -Declipse.product=org.eclipse.jdt.ls.core.product -Djava.import.generatesMetadataFilesAtProjectRoot=false -DDetectVMInstallationsJob.disabled=true -Dfile.encoding=utf8 -XX:+UseParallelGC -XX:GCTimeRatio=4 -XX:AdaptiveSizePolicyWeight=90 -Dsun.zip.disableMemoryMapping=true -Xmx2G -Xms100m -Xlog:disable -javaagent:c:\Users\29080\.cursor\extensions\redhat.java-1.53.0-win32-x64\lombok\lombok-1.18.39-4050.jar -XX:+HeapDumpOnOutOfMemoryError -XX:HeapDumpPath=c:\Users\29080\AppData\Roaming\Cursor\User\workspaceStorage\72b98a27af6fee7d47d745e8f61a91ef\redhat.java -Daether.dependencyCollector.impl=bf 
java_command: c:\Users\29080\.cursor\extensions\redhat.java-1.53.0-win32-x64\server\plugins\org.eclipse.equinox.launcher_1.7.100.v20251111-0406.jar -configuration c:\Users\29080\AppData\Roaming\Cursor\User\globalStorage\redhat.java\1.53.0\config_win -data c:\Users\29080\AppData\Roaming\Cursor\User\workspaceStorage\72b98a27af6fee7d47d745e8f61a91ef\redhat.java\jdt_ws --pipe=\\.\pipe\lsp-4b03dce6af55d050aea0cdd5e1a66102-sock
java_class_path (initial): c:\Users\29080\.cursor\extensions\redhat.java-1.53.0-win32-x64\server\plugins\org.eclipse.equinox.launcher_1.7.100.v20251111-0406.jar
Launcher Type: SUN_STANDARD

[Global flags]
    uintx AdaptiveSizePolicyWeight                 = 90                                        {product} {command line}
     intx CICompilerCount                          = 12                                        {product} {ergonomic}
    uintx GCTimeRatio                              = 4                                         {product} {command line}
     bool HeapDumpOnOutOfMemoryError               = true                                   {manageable} {command line}
    ccstr HeapDumpPath                             = c:\Users\29080\AppData\Roaming\Cursor\User\workspaceStorage\72b98a27af6fee7d47d745e8f61a91ef\redhat.java         {manageable} {command line}
   size_t InitialHeapSize                          = 104857600                                 {product} {command line}
   size_t MaxHeapSize                              = 2147483648                                {product} {command line}
   size_t MaxNewSize                               = 715653120                                 {product} {ergonomic}
   size_t MinHeapDeltaBytes                        = 524288                                    {product} {ergonomic}
   size_t MinHeapSize                              = 104857600                                 {product} {command line}
   size_t NewSize                                  = 34603008                                  {product} {ergonomic}
    uintx NonNMethodCodeHeapSize                   = 7602480                                {pd product} {ergonomic}
    uintx NonProfiledCodeHeapSize                  = 122027880                              {pd product} {ergonomic}
   size_t OldSize                                  = 70254592                                  {product} {ergonomic}
    uintx ProfiledCodeHeapSize                     = 122027880                              {pd product} {ergonomic}
    uintx ReservedCodeCacheSize                    = 251658240                              {pd product} {ergonomic}
     bool SegmentedCodeCache                       = true                                      {product} {ergonomic}
   size_t SoftMaxHeapSize                          = 2147483648                             {manageable} {ergonomic}
     bool UseCompressedOops                        = true                           {product lp64_product} {ergonomic}
     bool UseLargePagesIndividualAllocation        = false                                  {pd product} {ergonomic}
     bool UseParallelGC                            = true                                      {product} {command line}

Logging:
Log output configuration:
 #0: stdout all=off uptime,level,tags foldmultilines=false
 #1: stderr all=off uptime,level,tags foldmultilines=false

Release file:
JAVA_VERSION="21.0.10" 
MODULES="java.base java.compiler java.datatransfer java.xml java.prefs java.desktop java.instrument java.logging java.management java.security.sasl java.naming java.rmi java.management.rmi java.net.http java.scripting java.security.jgss java.transaction.xa java.sql java.sql.rowset java.xml.crypto java.se java.smartcardio jdk.accessibility jdk.internal.jvmstat jdk.attach jdk.charsets jdk.internal.opt jdk.zipfs jdk.compiler jdk.crypto.ec jdk.crypto.cryptoki jdk.crypto.mscapi jdk.dynalink jdk.internal.ed jdk.editpad jdk.hotspot.agent jdk.httpserver jdk.internal.le jdk.internal.vm.ci jdk.internal.vm.compiler jdk.internal.vm.compiler.management jdk.jartool jdk.javadoc jdk.jcmd jdk.management jdk.management.agent jdk.jconsole jdk.jdeps jdk.jdwp.agent jdk.jdi jdk.jfr jdk.jshell jdk.jsobject jdk.jstatd jdk.localedata jdk.management.jfr jdk.naming.dns jdk.naming.rmi jdk.net jdk.nio.mapmode jdk.random jdk.sctp jdk.security.auth jdk.security.jgss jdk.unsupported jdk.unsupported.desktop jdk.xml.dom" 

Environment Variables:
JAVA_HOME=D:\code\develop\jdk21
PATH=C:\Program Files\Common Files\Oracle\Java\javapath;C:\WINDOWS\system32;C:\WINDOWS;C:\WINDOWS\System32\Wbem;C:\WINDOWS\System32\WindowsPowerShell\v1.0\;C:\WINDOWS\System32\OpenSSH\;C:\Program Files\MySQL\MySQL Server 8.0\bin;C:\Program Files\NVIDIA Corporation\NVIDIA app\NvDLISR;C:\Program Files (x86)\NVIDIA Corporation\PhysX\Common;C:\Program Files\Pandoc\;C:\Program Files\Bandizip\;C:\Program Files\Git\cmd;D:\code\develop\apache-maven-3.9.4\bin;D:\code\develop\jdk21\bin;D:\code\develop\mysql\mysql-install-directory\bin;C:\Users\29080\AppData\Local\Microsoft\WindowsApps;D:\code\IDE\idea\IntelliJ IDEA 2025.2.4\bin;D:\code\develop\DataGrip 2024.1.1\bin;;D:\code\develop\cursor\resources\app\bin
USERNAME=29080
OS=Windows_NT
PROCESSOR_IDENTIFIER=AMD64 Family 23 Model 96 Stepping 1, AuthenticAMD
TMP=C:\Users\29080\AppData\Local\Temp
TEMP=C:\Users\29080\AppData\Local\Temp




Periodic native trim disabled

---------------  S Y S T E M  ---------------

OS:
 Windows 11 , 64 bit Build 26100 (10.0.26100.7920)
OS uptime: 1 days 7:41 hours

CPU: total 16 (initial active 16) (16 cores per cpu, 2 threads per core) family 23 model 96 stepping 1 microcode 0x8600104, cx8, cmov, fxsr, ht, mmx, 3dnowpref, sse, sse2, sse3, ssse3, sse4a, sse4.1, sse4.2, popcnt, lzcnt, tsc, tscinvbit, avx, avx2, aes, clmul, bmi1, bmi2, adx, sha, fma, vzeroupper, clflush, clflushopt, rdtscp, rdpid, f16c
Processor Information for the first 16 processors :
  Max Mhz: 2900, Current Mhz: 2900, Mhz Limit: 2900

Memory: 4k page, system-wide physical 15789M (2619M free)
TotalPageFile size 28168M (AvailPageFile size 6M)
current process WorkingSet (physical memory assigned to process): 193M, peak: 195M
current process commit charge ("private bytes"): 333M, peak: 337M

vm_info: OpenJDK 64-Bit Server VM (21.0.10+7-LTS) for windows-amd64 JRE (21.0.10+7-LTS), built on 2026-01-20T00:00:00Z by "admin" with MS VC++ 17.12 (VS2022)

END.
